<html>
<body>
<pre>
<h1>µVision Build Log</h1>
<h2>Project:</h2>
D:\STM32_ïðîåêòû\Open4X9I-C_heap_emwin\MDK-ARM\Open4X9I-C.uvproj
Project File Date:  02/14/2017

<h2>Output:</h2>
Build target 'Open4X9I-C'
compiling CAN.c...
linking...
Program Size: Code=123112 RO-data=16556 RW-data=2432 ZI-data=1078588  
FromELF: creating hex file...
".\output\Open4X9I-C.axf" - 0 Error(s), 0 Warning(s).
</pre>
</body>
</html>
x.c...
compiling stm32f4xx_hal_dma.c...
compiling stm32f4xx_hal_rcc.c...
compiling stm32f4xx_hal_tim_ex.c...
compiling stm32f4xx_hal_pwr.c...
compiling stm32f4xx_hal_hcd.c...
compiling stm32f4xx_hal_dsi.c...
compiling stm32f4xx_hal_flash_ex.c...
compiling stm32f4xx_ll_fmc.c...
compiling stm32f4xx_hal_pwr_ex.c...
compiling stm32f4xx_hal.c...
compiling stm32f4xx_hal_dma2d.c...
compiling stm32f4xx_hal_ltdc_ex.c...
compiling stm32f4xx_hal_rtc_ex.c...
compiling stm32f4xx_hal_flash.c...
compiling stm32f4xx_hal_tim.c...
compiling stm32f4xx_hal_sdram.c...
compiling stm32f4xx_hal_spi.c...
compiling stm32f4xx_hal_gpio.c...
compiling stm32f4xx_hal_rtc.c...
compiling stm32f4xx_hal_uart.c...
compiling system_stm32f4xx.c...
compiling GUI_X.c...
compiling GUIConf.c...
compiling LCDConf_stm324x9i_eval_MB1046.c...
compiling alarm.c...
compiling date.c...
compiling paint.c...
compiling photo.c...
compiling settings.c...
compiling usb.c...
compiling xp.c...
compiling alarm_b_d.c...
compiling alarm_a.c...
compiling alarm_a_d.c...
compiling alarm_b.c...
compiling chip.c...
compiling rtc_back.c...
compiling netcan.c...
compiling main.c...
compiling stm32f4xx_hal_msp.c...
compiling stm32f4xx_it.c...
../Src/stm32f4xx_it.c(141): warning:  #550-D: variable "temp" was set but never used
        uint32_t temp;
../Src/stm32f4xx_it.c: 1 warning, 0 errors
compiling tsc2046.c...
compiling PS2_Mouse.c...
compiling CAN.c...
compiling Layer_0_DLG.c...
compiling TIME_DATEDLG.c...
compiling ALARMDLG.c...
compiling CAN_NETDLG.c...
..\user\GUI_DIALOG\CAN_NETDLG.c(124): warning:  #177-D: variable "progbar" was declared but never referenced
        PROGBAR_Handle progbar;
..\user\GUI_DIALOG\CAN_NETDLG.c: 1 warning, 0 errors
linking...
Program Size: Code=123088 RO-data=16556 RW-data=2432 ZI-data=1078588  
FromELF: creating hex file...
".\output\Open4X9I-C.axf" - 0 Error(s), 2 Warning(s).
