<html>
<body>
<pre>
<h1>µVision Build Log</h1>
<h2>Project:</h2>
D:\STM32_ïðîåêòû\Open4X9I-C_heap_emwin\MDK-ARM\Open4X9I-C.uvproj
Project File Date:  01/28/2017

<h2>Output:</h2>
Build target 'Open4X9I-C'
compiling Layer_0_DLG.c...
..\user\GUI_DIALOG\Layer_0_DLG.c(579): warning:  #177-D: variable "cmp" was declared but never referenced
        int cmp;        
..\user\GUI_DIALOG\Layer_0_DLG.c: 1 warning, 0 errors
linking...
Program Size: Code=124144 RO-data=16556 RW-data=2416 ZI-data=1078588  
FromELF: creating hex file...
".\output\Open4X9I-C.axf" - 0 Error(s), 1 Warning(s).
</pre>
</body>
</html>
rogram Size: Code=124152 RO-data=16556 RW-data=2416 ZI-data=1078588  
FromELF: creating hex file...
".\output\Open4X9I-C.axf" - 0 Error(s), 2 Warning(s).
