ARM Linker, 5.03 [Build 76] [MDK-ARM Professional]

==============================================================================

Section Cross References

    startup_stm32f429xx.o(STACK) refers (Special) to heapauxi.o(.text) for __use_two_region_memory
    startup_stm32f429xx.o(HEAP) refers (Special) to heapauxi.o(.text) for __use_two_region_memory
    startup_stm32f429xx.o(RESET) refers (Special) to heapauxi.o(.text) for __use_two_region_memory
    startup_stm32f429xx.o(RESET) refers to startup_stm32f429xx.o(STACK) for __initial_sp
    startup_stm32f429xx.o(RESET) refers to startup_stm32f429xx.o(.text) for Reset_Handler
    startup_stm32f429xx.o(RESET) refers to stm32f4xx_it.o(.text) for SysTick_Handler
    startup_stm32f429xx.o(.text) refers (Special) to heapauxi.o(.text) for __use_two_region_memory
    startup_stm32f429xx.o(.text) refers to system_stm32f4xx.o(.text) for SystemInit
    startup_stm32f429xx.o(.text) refers to __main.o(!!!main) for __main
    startup_stm32f429xx.o(.text) refers to startup_stm32f429xx.o(HEAP) for Heap_Mem
    startup_stm32f429xx.o(.text) refers to startup_stm32f429xx.o(STACK) for Stack_Mem
    usbh_msc_bot.o(.text) refers to usbh_ctlreq.o(.text) for USBH_CtlReq
    usbh_msc_bot.o(.text) refers to usbh_conf.o(.text) for USBH_LL_GetLastXferSize
    usbh_msc_bot.o(.text) refers to usbh_ioreq.o(.text) for USBH_BulkSendData
    usbh_ioreq.o(.text) refers to usbh_conf.o(.text) for USBH_LL_SubmitURB
    usbh_ctlreq.o(.text) refers to usbh_ioreq.o(.text) for USBH_CtlSendSetup
    usbh_ctlreq.o(.text) refers to usbh_conf.o(.text) for USBH_LL_GetURBState
    usbh_msc_scsi.o(.text) refers to rt_memclr.o(.text) for __aeabi_memclr
    usbh_msc_scsi.o(.text) refers to usbh_msc_bot.o(.text) for USBH_MSC_BOT_Process
    usbh_msc_scsi.o(.text) refers to rt_memcpy_v6.o(.text) for __aeabi_memcpy
    usbh_core.o(.text) refers to usbh_conf.o(.text) for USBH_LL_Init
    usbh_core.o(.text) refers to usbh_pipes.o(.text) for USBH_FreePipe
    usbh_core.o(.text) refers to usbh_ctlreq.o(.text) for USBH_Get_DevDesc
    usbh_pipes.o(.text) refers to usbh_conf.o(.text) for USBH_LL_OpenPipe
    usbh_msc.o(.text) refers to usbh_core.o(.text) for USBH_FindInterface
    usbh_msc.o(.text) refers to h1_alloc.o(.text) for malloc
    usbh_msc.o(.text) refers to usbh_pipes.o(.text) for USBH_AllocPipe
    usbh_msc.o(.text) refers to usbh_msc_bot.o(.text) for USBH_MSC_BOT_Init
    usbh_msc.o(.text) refers to rt_memclr_w.o(.text) for __aeabi_memclr4
    usbh_msc.o(.text) refers to usbh_conf.o(.text) for USBH_LL_SetToggle
    usbh_msc.o(.text) refers to h1_free.o(.text) for free
    usbh_msc.o(.text) refers to usbh_ctlreq.o(.text) for USBH_ClrFeature
    usbh_msc.o(.text) refers to usbh_msc_scsi.o(.text) for USBH_MSC_SCSI_Inquiry
    usbh_msc.o(.text) refers to rt_memcpy_w.o(.text) for __aeabi_memcpy4
    usbh_msc.o(.data) refers to usbh_msc.o(.conststring) for .conststring
    usbh_msc.o(.data) refers to usbh_msc.o(.text) for USBH_MSC_InterfaceInit
    ff.o(.text) refers to diskio.o(.text) for disk_write
    ff.o(.text) refers to ff.o(.bss) for Files
    ff.o(.text) refers to ccsbcs.o(.text) for ff_wtoupper
    ff.o(.text) refers to ff.o(.constdata) for LfnOfs
    ff.o(.text) refers to ff.o(.data) for FatFs
    ff.o(.text) refers to syscall.o(.text) for ff_memalloc
    ff.o(.text) refers to fatfs.o(.text) for get_fattime
    ccsbcs.o(.text) refers to ccsbcs.o(.constdata) for Tbl
    diskio.o(.text) refers to ff_gen_drv.o(.bss) for disk
    syscall.o(.text) refers to h1_alloc.o(.text) for malloc
    syscall.o(.text) refers to h1_free.o(.text) for free
    ff_gen_drv.o(.text) refers to ff_gen_drv.o(.bss) for disk
    usbh_diskio.o(.text) refers to usbh_msc.o(.text) for USBH_MSC_UnitIsReady
    usbh_diskio.o(.text) refers to usb_host.o(.bss) for hUsbHostHS
    usbh_diskio.o(.constdata) refers to usbh_diskio.o(.text) for USBH_initialize
    stm32f4xx_hal_rcc_ex.o(.text) refers to stm32f4xx_hal.o(.text) for HAL_GetTick
    stm32f4xx_hal_crc.o(.text) refers to stm32f4xx_hal_msp.o(.text) for HAL_CRC_MspInit
    stm32f4xx_hal_ltdc.o(.text) refers to stm32f4xx_hal_msp.o(.text) for HAL_LTDC_MspInit
    stm32f4xx_hal_ltdc.o(.text) refers to lcdconf_stm324x9i_eval_mb1046.o(.text) for HAL_LTDC_LineEventCallback
    stm32f4xx_hal_ltdc.o(.text) refers to rt_memcpy_w.o(.text) for __aeabi_memcpy4
    stm32f4xx_ll_usb.o(.text) refers to stm32f4xx_hal.o(.text) for HAL_Delay
    stm32f4xx_ll_usb.o(.text) refers to stm32f4xx_ll_usb.o(.data) for debug
    stm32f4xx_hal_dma.o(.text) refers to stm32f4xx_hal.o(.text) for HAL_GetTick
    stm32f4xx_hal_dma.o(.text) refers to stm32f4xx_hal_dma.o(.constdata) for flagBitshiftOffset
    stm32f4xx_hal_rcc.o(.text) refers to stm32f4xx_hal.o(.text) for HAL_GetTick
    stm32f4xx_hal_rcc.o(.text) refers to stm32f4xx_hal_gpio.o(.text) for HAL_GPIO_Init
    stm32f4xx_hal_rcc.o(.text) refers to stm32f4xx_hal_rcc.o(.constdata) for APBAHBPrescTable
[...]
    _init_user_alloc                         0x20010e0b   Thumb Code     2  init_alloc.o(.text)
    __Heap_Full                              0x20010e0d   Thumb Code    34  init_alloc.o(.text)
    __Heap_Broken                            0x20010e2f   Thumb Code     6  init_alloc.o(.text)
    _init_alloc                              0x20010e35   Thumb Code    94  init_alloc.o(.text)
    __Heap_Initialize                        0x20010e93   Thumb Code    10  h1_init.o(.text)
    __Heap_DescSize                          0x20010e9d   Thumb Code     4  h1_init.o(.text)
    __aeabi_memmove4                         0x20010ea1   Thumb Code     0  rt_memmove_w.o(.text)
    __aeabi_memmove8                         0x20010ea1   Thumb Code     0  rt_memmove_w.o(.text)
    __rt_memmove_w                           0x20010ea1   Thumb Code   122  rt_memmove_w.o(.text)
    __memmove_aligned                        0x20010ec7   Thumb Code     0  rt_memmove_w.o(.text)
    __memmove_lastfew_aligned                0x20010eff   Thumb Code     0  rt_memmove_w.o(.text)
    __user_libspace                          0x20010f1d   Thumb Code     8  libspace.o(.text)
    __user_perproc_libspace                  0x20010f1d   Thumb Code     0  libspace.o(.text)
    __user_perthread_libspace                0x20010f1d   Thumb Code     0  libspace.o(.text)
    __Heap_ProvideMemory                     0x20010f25   Thumb Code    52  h1_extend.o(.text)
    __rt_SIGRTMEM                            0x20010f59   Thumb Code    14  defsig_rtmem_outer.o(.text)
    __I$use$semihosting                      0x20010f67   Thumb Code     0  use_no_semi.o(.text)
    __use_no_semihosting_swi                 0x20010f67   Thumb Code     2  use_no_semi.o(.text)
    __semihosting_library_function           0x20010f69   Thumb Code     0  indicate_semi.o(.text)
    __user_setup_stackheap                   0x20010f69   Thumb Code    74  sys_stackheap_outer.o(.text)
    exit                                     0x20010fb3   Thumb Code    12  exit.o(.text)
    __sig_exit                               0x20010fbf   Thumb Code    10  defsig_exit.o(.text)
    __rt_SIGRTMEM_inner                      0x20010fc9   Thumb Code    22  defsig_rtmem_inner.o(.text)
    _sys_exit                                0x20011019   Thumb Code     8  sys_exit.o(.text)
    __default_signal_display                 0x20011025   Thumb Code    50  defsig_general.o(.text)
    _ttywrch                                 0x20011057   Thumb Code    14  sys_wrch.o(.text)
    GUICC_M1555I_SetCustColorConv            0x20011065   Thumb Code     8  guicc_m1555i.o(i.GUICC_M1555I_SetCustColorConv)
    GUICC_M4444I_SetCustColorConv            0x20011071   Thumb Code     8  guicc_m4444i.o(i.GUICC_M4444I_SetCustColorConv)
    GUICC_M565_SetCustColorConv              0x2001107d   Thumb Code     8  guicc_m565.o(i.GUICC_M565_SetCustColorConv)
    GUICC_M8888I_SetCustColorConv            0x20011089   Thumb Code     8  guicc_m8888i.o(i.GUICC_M8888I_SetCustColorConv)
    GUICC_M888_SetCustColorConv              0x20011095   Thumb Code     8  guicc_m888.o(i.GUICC_M888_SetCustColorConv)
    GUIMONO_DispChar                         0x200110a1   Thumb Code   302  gui_charm.o(i.GUIMONO_DispChar)
    GUIMONO_GetCharDistX                     0x200111d5   Thumb Code    18  gui_charm.o(i.GUIMONO_GetCharDistX)
    GUIMONO_GetFontInfo                      0x200111ed   Thumb Code     6  gui_charm.o(i.GUIMONO_GetFontInfo)
    GUIMONO_IsInFont                         0x200111f3   Thumb Code    56  gui_charm.o(i.GUIMONO_IsInFont)
    GUI_ALLOC_AllocNoInit                    0x2001122b   Thumb Code    10  gui_alloc.o(i.GUI_ALLOC_AllocNoInit)
    GUI_ALLOC_AllocZero                      0x20011235   Thumb Code    36  gui_alloc_alloczero.o(i.GUI_ALLOC_AllocZero)
    GUI_ALLOC_AssignMemory                   0x20011259   Thumb Code    12  gui_alloc.o(i.GUI_ALLOC_AssignMemory)
    GUI_ALLOC_Free                           0x20011269   Thumb Code    50  gui_alloc.o(i.GUI_ALLOC_Free)
    GUI_ALLOC_FreeFixedBlock                 0x200112a1   Thumb Code    18  gui_alloc.o(i.GUI_ALLOC_FreeFixedBlock)
    GUI_ALLOC_GetFixedBlock                  0x200112b9   Thumb Code   170  gui_alloc.o(i.GUI_ALLOC_GetFixedBlock)
    GUI_ALLOC_LockH                          0x20011369   Thumb Code    24  gui_alloc.o(i.GUI_ALLOC_LockH)
    GUI_ALLOC_UnlockH                        0x20011385   Thumb Code    42  gui_alloc.o(i.GUI_ALLOC_UnlockH)
    GUI_ALLOC_h2p                            0x200113b5   Thumb Code    20  gui_alloc.o(i.GUI_ALLOC_h2p)
    GUI_CalcColorDist                        0x200113cd   Thumb Code    60  gui_calccolordist.o(i.GUI_CalcColorDist)
    GUI_Clear                                0x20011409   Thumb Code    28  gui_core.o(i.GUI_Clear)
    GUI_ClearRect                            0x20011425   Thumb Code    90  gui_core.o(i.GUI_ClearRect)
    GUI_DEVICE_Create                        0x20011485   Thumb Code    76  gui_device.o(i.GUI_DEVICE_Create)
    GUI_DEVICE_CreateAndLink                 0x200114d5   Thumb Code    36  gui_device.o(i.GUI_DEVICE_CreateAndLink)
    GUI_DEVICE_Delete                        0x200114fd   Thumb Code     4  gui_device.o(i.GUI_DEVICE_Delete)
    GUI_DEVICE_Link                          0x20011501   Thumb Code   130  gui_device.o(i.GUI_DEVICE_Link)
    GUI_DEVICE_Unlink                        0x20011589   Thumb Code     4  gui_device.o(i.GUI_DEVICE_Unlink)
    GUI_DEVICE__GetpDriver                   0x2001158d   Thumb Code    32  gui_device.o(i.GUI_DEVICE__GetpDriver)
    GUI_DrawRect                             0x200115b1   Thumb Code   120  gui_2dlib.o(i.GUI_DrawRect)
    GUI_GetBitsPerPixelEx                    0x2001162d   Thumb Code    14  lcd_getex.o(i.GUI_GetBitsPerPixelEx)
    GUI_GetDrawMode                          0x20011641   Thumb Code     8  gui_getdrawmode.o(i.GUI_GetDrawMode)
    GUI_GetLayerPosEx                        0x2001164d   Thumb Code    22  gui_selectlayer.o(i.GUI_GetLayerPosEx)
    GUI_GetpfIndex2ColorEx                   0x20011665   Thumb Code    12  lcd_getex.o(i.GUI_GetpfIndex2ColorEx)
    GUI_GotoXY                               0x20011675   Thumb Code    20  gui_goto.o(i.GUI_GotoXY)
    GUI_Init                                 0x20011689   Thumb Code    74  gui_core.o(i.GUI_Init)
    GUI_MEMDEV_Delete                        0x200116ed   Thumb Code    58  guidev.o(i.GUI_MEMDEV_Delete)
    GUI_MEMDEV_GetDataPtr                    0x2001172d   Thumb Code    26  guidev_getdataptr.o(i.GUI_MEMDEV_GetDataPtr)
    GUI_MEMDEV__WriteToActiveAlpha           0x20011749   Thumb Code   386  guidev_writetoactivealpha.o(i.GUI_MEMDEV__WriteToActiveAlpha)
    GUI_MULTIBUF_ConfirmEx                   0x200118d9   Thumb Code    38  gui_multibuf.o(i.GUI_MULTIBUF_ConfirmEx)
    GUI_MergeRect                            0x20011905   Thumb Code    88  gui_mergerect.o(i.GUI_MergeRect)
    GUI_MoveRect                             0x2001195d   Thumb Code    30  gui_moverect.o(i.GUI_MoveRect)
    GUI_ReadRectEx                           0x2001197d   Thumb Code    92  lcd_readrect.o(i.GUI_ReadRectEx)
    GUI_RectsIntersect                       0x200119dd   Thumb Code    56  gui_rectsintersect.o(i.GUI_RectsIntersect)
    GUI_SelectLCD                            0x20011a15   Thumb Code    18  gui_selectlcd.o(i.GUI_SelectLCD)
    GUI_SelectLayer                          0x20011a29   Thumb Code    28  gui_selectlayer.o(i.GUI_SelectLayer)
    GUI_SetBkColor                           0x20011a4d   Thumb Code     4  gui_setcolor.o(i.GUI_SetBkColor)
    GUI_SetDefaultFont                       0x20011a51   Thumb Code     6  gui_core.o(i.GUI_SetDefaultFont)
    GUI_SetFuncAlphaBlending                 0x20011a5d   Thumb Code     6  gui__alpha.o(i.GUI_SetFuncAlphaBlending)
    GUI_SetFuncGetpPalConvTable              0x20011a69   Thumb Code     6  gui_core.o(i.GUI_SetFuncGetpPalConvTable)
    GUI_SetFuncMixColors                     0x20011a75   Thumb Code     6  gui__alpha.o(i.GUI_SetFuncMixColors)
    GUI_SetFuncMixColorsBulk                 0x20011a81   Thumb Code     6  gui__alpha.o(i.GUI_SetFuncMixColorsBulk)
    GUI_SetOrg                               0x20011a8d   Thumb Code    38  gui_setorg.o(i.GUI_SetOrg)
    GUI_SignalEvent                          0x20011ac5   Thumb Code    12  gui_waitevent.o(i.GUI_SignalEvent)
    GUI_StoreKey                             0x20011ad5   Thumb Code    12  gui_onkey.o(i.GUI_StoreKey)
    GUI_USAGE_AddRect                        0x20011ae5   Thumb Code    40  guidev_usage.o(i.GUI_USAGE_AddRect)
    GUI_USAGE_DecUseCnt                      0x20011b0d   Thumb Code    36  guidev_usage.o(i.GUI_USAGE_DecUseCnt)
    GUI__AllocAlphaBuffer                    0x20011b31   Thumb Code    22  gui__alpha.o(i.GUI__AllocAlphaBuffer)
    GUI__CompactPixelIndicesEx               0x20011b47   Thumb Code    12  gui__compactpixelindices.o(i.GUI__CompactPixelIndicesEx)
    GUI__Config                              0x20011b55   Thumb Code    42  gui_core.o(i.GUI__Config)
    GUI__ConvertColor2Index                  0x20011b89   Thumb Code   360  gui__compactpixelindices.o(i.GUI__ConvertColor2Index)
    GUI__DoAlphaBlending                     0x20011cf1   Thumb Code   442  gui__alpha.o(i.GUI__DoAlphaBlending)
    GUI__ExpandPixelIndicesEx                0x20011ec1   Thumb Code   322  gui__expandpixelindices.o(i.GUI__ExpandPixelIndicesEx)
    GUI__GetAlphaBuffer                      0x20012005   Thumb Code   144  gui__alpha.o(i.GUI__GetAlphaBuffer)
    GUI__IntersectRect                       0x200120a1   Thumb Code    58  gui__intersectrect.o(i.GUI__IntersectRect)
    GUI__IntersectRects                      0x200120db   Thumb Code    82  gui__intersectrects.o(i.GUI__IntersectRects)
    GUI__MixColors                           0x2001212d   Thumb Code   102  gui__alpha.o(i.GUI__MixColors)
    GUI__MixColorsBulk                       0x20012193   Thumb Code    78  gui__alpha.o(i.GUI__MixColorsBulk)
    GUI__RegisterExit                        0x200121e1   Thumb Code    10  gui_core.o(i.GUI__RegisterExit)
    GUI__memset                              0x200121f1   Thumb Code    76  gui__memset.o(i.GUI__memset)
    LCD_Color2Index                          0x2001223d   Thumb Code    18  lcd.o(i.LCD_Color2Index)
    LCD_Color2Index_8666                     0x20012259   Thumb Code    86  guicc_8666.o(i.LCD_Color2Index_8666)
    LCD_DrawBitmap                           0x200122b1   Thumb Code   504  lcd.o(i.LCD_DrawBitmap)
    LCD_DrawHLine                            0x200124b5   Thumb Code    78  lcd.o(i.LCD_DrawHLine)
    LCD_DrawPixel                            0x2001250d   Thumb Code    96  lcd.o(i.LCD_DrawPixel)
    LCD_DrawVLine                            0x20012575   Thumb Code    76  lcd.o(i.LCD_DrawVLine)
    LCD_FillRect                             0x200125c9   Thumb Code    80  lcd.o(i.LCD_FillRect)
    LCD_GetBitsPerPixelEx                    0x20012621   Thumb Code     6  lcd_getex.o(i.LCD_GetBitsPerPixelEx)
    LCD_GetDevFunc                           0x20012629   Thumb Code    18  lcd_getex.o(i.LCD_GetDevFunc)
    LCD_GetMirrorXEx                         0x20012641   Thumb Code     6  lcd_getex.o(i.LCD_GetMirrorXEx)
    LCD_GetMirrorYEx                         0x20012647   Thumb Code     6  lcd_getex.o(i.LCD_GetMirrorYEx)
    LCD_GetNumColors                         0x2001264d   Thumb Code    12  lcd_getex.o(i.LCD_GetNumColors)
    LCD_GetNumColorsEx                       0x2001265d   Thumb Code     6  lcd_getex.o(i.LCD_GetNumColorsEx)
    LCD_GetNumLayers                         0x20012663   Thumb Code    26  lcd_getnumdisplays.o(i.LCD_GetNumLayers)
    LCD_GetPalette                           0x2001267d   Thumb Code    10  lcd_getex.o(i.LCD_GetPalette)
    LCD_GetPaletteEx                         0x2001268d   Thumb Code    24  lcd_getex.o(i.LCD_GetPaletteEx)
    LCD_GetPosEx                             0x200126a5   Thumb Code    44  lcd_set.o(i.LCD_GetPosEx)
    LCD_GetSwapXYEx                          0x200126d1   Thumb Code     6  lcd_getex.o(i.LCD_GetSwapXYEx)
    LCD_GetVXSizeMax                         0x200126d7   Thumb Code     6  lcd_getex.o(i.LCD_GetVXSizeMax)
    LCD_GetpPalConvTable                     0x200126dd   Thumb Code     4  lcd_color.o(i.LCD_GetpPalConvTable)
    LCD_GetpPalConvTableBM                   0x200126e1   Thumb Code     4  lcd_color.o(i.LCD_GetpPalConvTableBM)
    LCD_GetpPalConvTableUncached             0x200126e5   Thumb Code    68  lcd_color.o(i.LCD_GetpPalConvTableUncached)
    LCD_Index2Color                          0x2001272d   Thumb Code    18  lcd.o(i.LCD_Index2Color)
    LCD_Index2Color_8666                     0x20012749   Thumb Code   100  guicc_8666.o(i.LCD_Index2Color_8666)
    LCD_Index2Color_888                      0x200127ad   Thumb Code     2  guicc_888_index2color.o(i.LCD_Index2Color_888)
    LCD_Index2Color_8888                     0x200127af   Thumb Code     2  guicc_8888_index2color.o(i.LCD_Index2Color_8888)
    LCD_Index2Color_M565                     0x200127b1   Thumb Code    34  guicc_m565.o(i.LCD_Index2Color_M565)
    LCD_Index2Color_M888                     0x200127dd   Thumb Code    20  guicc_m888_index2color.o(i.LCD_Index2Color_M888)
    LCD_InitColors                           0x200127f1   Thumb Code    42  lcd_color.o(i.LCD_InitColors)
    LCD_InitLUT                              0x20012825   Thumb Code   112  lcd_color.o(i.LCD_InitLUT)
    LCD_SelectLCD                            0x20012a39   Thumb Code    54  lcd_selectlcd.o(i.LCD_SelectLCD)
    LCD_SetBkColor                           0x20012a79   Thumb Code     8  lcd.o(i.LCD_SetBkColor)
    LCD_SetBkColorIndex                      0x20012a85   Thumb Code    20  lcd.o(i.LCD_SetBkColorIndex)
    LCD_SetClipRectEx                        0x20012a9d   Thumb Code    38  lcd_setcliprectex.o(i.LCD_SetClipRectEx)
    LCD_SetClipRectMax                       0x20012acd   Thumb Code    20  lcd.o(i.LCD_SetClipRectMax)
    LCD_SetColor                             0x20012ae9   Thumb Code     8  lcd.o(i.LCD_SetColor)
    LCD_SetColorIndex                        0x20012af5   Thumb Code    20  lcd.o(i.LCD_SetColorIndex)
    LCD_SetDevFunc                           0x20012b0d   Thumb Code    44  lcd_set.o(i.LCD_SetDevFunc)
    LCD_SetDrawMode                          0x20012b39   Thumb Code     8  lcd.o(i.LCD_SetDrawMode)
    LCD_SetLUTEntryEx                        0x20012b45   Thumb Code    44  lcd_set.o(i.LCD_SetLUTEntryEx)
    LCD_SetSizeEx                            0x20012b71   Thumb Code    44  lcd_set.o(i.LCD_SetSizeEx)
    LCD_SetVRAMAddrEx                        0x20012b9d   Thumb Code    40  lcd_set.o(i.LCD_SetVRAMAddrEx)
    LCD_SetVSizeEx                           0x20012bc5   Thumb Code    44  lcd_set.o(i.LCD_SetVSizeEx)
    LCD_UpdateColorIndices                   0x20012bf1   Thumb Code    32  lcd_updatecolorindices.o(i.LCD_UpdateColorIndices)
    WM_Activate                              0x20012c15   Thumb Code    12  wm.o(i.WM_Activate)
    WM_BringToBottom                         0x20012c25   Thumb Code   126  wm_bringtobottom.o(i.WM_BringToBottom)
    WM_CreateWindowAsChild                   0x20012ca5   Thumb Code   316  wm.o(i.WM_CreateWindowAsChild)
    WM_DefaultProc                           0x20012ded   Thumb Code    70  wm.o(i.WM_DefaultProc)
    WM_GetDesktopWindow                      0x20012e35   Thumb Code    14  wm_getdesktopwindow.o(i.WM_GetDesktopWindow)
    WM_GetFirstChild                         0x20012e4d   Thumb Code    14  wm_getfirstchild.o(i.WM_GetFirstChild)
    WM_GetParent                             0x20012e5b   Thumb Code    14  wm_getparent.o(i.WM_GetParent)
    WM_Init                                  0x20012e69   Thumb Code   184  wm.o(i.WM_Init)
    WM_InvalidateRect                        0x20012f3d   Thumb Code   118  wm.o(i.WM_InvalidateRect)
    WM_InvalidateWindow                      0x20012fb3   Thumb Code     6  wm.o(i.WM_InvalidateWindow)
    WM_InvalidateWindowAndDescsEx            0x20012fb9   Thumb Code    94  wm.o(i.WM_InvalidateWindowAndDescsEx)
    WM_SelectWindow                          0x20013019   Thumb Code    52  wm.o(i.WM_SelectWindow)
    WM_SendToParent                          0x20013055   Thumb Code    30  wm_sendtoparent.o(i.WM_SendToParent)
    WM__ActivateClipRect                     0x20013075   Thumb Code    58  wm.o(i.WM__ActivateClipRect)
    WM__AddCriticalHandle                    0x200130bd   Thumb Code    10  wm_criticalhandle.o(i.WM__AddCriticalHandle)
    WM__Client2Screen                        0x200130cd   Thumb Code    16  wm.o(i.WM__Client2Screen)
    WM__ClipAtParentBorders                  0x200130dd   Thumb Code    78  wm.o(i.WM__ClipAtParentBorders)
    WM__GetClientRectEx                      0x2001312b   Thumb Code    32  wm_getclientrect.o(i.WM__GetClientRectEx)
    WM__GetClientRectWin                     0x2001314b   Thumb Code    24  wm.o(i.WM__GetClientRectWin)
    WM__GetFirstSibling                      0x20013163   Thumb Code    18  wm__getfirstsibling.o(i.WM__GetFirstSibling)
    WM__GetNextIVR                           0x20013175   Thumb Code    54  wm.o(i.WM__GetNextIVR)
    WM__GetPrevSibling                       0x200131b5   Thumb Code    36  wm__getprevsibling.o(i.WM__GetPrevSibling)
    WM__GetTopLevelLayer                     0x200131d9   Thumb Code    24  wm.o(i.WM__GetTopLevelLayer)
    WM__InitIVRSearch                        0x200131f1   Thumb Code   228  wm.o(i.WM__InitIVRSearch)
    WM__InsertWindowIntoList                 0x200132e1   Thumb Code   164  wm.o(i.WM__InsertWindowIntoList)
    WM__Invalidate1Abs                       0x20013385   Thumb Code     6  wm.o(i.WM__Invalidate1Abs)
    WM__InvalidateDrawAndDescs               0x2001338d   Thumb Code    78  wm.o(i.WM__InvalidateDrawAndDescs)
    WM__InvalidateRect                       0x200133e1   Thumb Code   118  wm.o(i.WM__InvalidateRect)
    WM__InvalidateRectEx                     0x20013457   Thumb Code     6  wm.o(i.WM__InvalidateRectEx)
    WM__RectIsNZ                             0x2001345d   Thumb Code    32  wm.o(i.WM__RectIsNZ)
    WM__SelectTopLevelLayer                  0x2001347d   Thumb Code    20  wm.o(i.WM__SelectTopLevelLayer)
    WM__SendMessage                          0x20013491   Thumb Code    54  wm__sendmessage.o(i.WM__SendMessage)
    WM__SendMsgNoData                        0x200134cd   Thumb Code    14  wm.o(i.WM__SendMsgNoData)
    emWin_LCD_Init                           0x20015b6d   Thumb Code   138  lcd.o(i.emWin_LCD_Init)
    _fp_init                                 0x20015bf7   Thumb Code    10  fpinit.o(x$fpl$fpinit)
    __fplib_config_fpu_vfp                   0x20015bff   Thumb Code     0  fpinit.o(x$fpl$fpinit)
    __fplib_config_pureend_doubles           0x20015bff   Thumb Code     0  fpinit.o(x$fpl$fpinit)
    USBH_Driver                              0x20015c00   Data          20  usbh_diskio.o(.constdata)
    APBAHBPrescTable                         0x20015c1c   Data          16  stm32f4xx_hal_rcc.o(.constdata)
    AHBPrescTable                            0x20015c2c   Data          16  system_stm32f4xx.o(.constdata)
    LCD_API_ColorConv_1616I                  0x20015c3c   Data          24  guicc_1616i.o(.constdata)
    LCD_API_ColorConv_8666                   0x20015c54   Data          24  guicc_8666.o(.constdata)
    LCD_API_ColorConv_88666I                 0x20015c6c   Data          24  guicc_88666i.o(.constdata)
    LCD_API_ColorConv_M1555I                 0x20015c84   Data          24  guicc_m1555i.o(.constdata)
    LCD_API_ColorConv_M4444I                 0x20015c9c   Data          24  guicc_m4444i.o(.constdata)
    LCD_API_ColorConv_M8888I                 0x20015cb4   Data          24  guicc_m8888i.o(.constdata)
    LCD_API_ColorConv_M565                   0x20015cd4   Data          24  guicc_m565.o(.constdata)
    LCD_API_ColorConv_M888                   0x20015cec   Data          24  guicc_m888.o(.constdata)
    GUIDRV_Lin_32_API                        0x20015d10   Data          52  guidrv_lin_32.o(.constdata)
    GUI_Font6x8                              0x20016438   Data          36  f6x8.o(.constdata)
    LCD_API_ColorConv_16                     0x2001645c   Data          24  guicc_16.o(.constdata)
    GUI__aConvert_15_255                     0x20016474   Data          16  gui__divtbl_15_255.o(.constdata)
    GUI__aConvert_31_255                     0x20016484   Data          32  gui__divtbl_31_255.o(.constdata)
    GUI__aConvert_63_255                     0x200164a4   Data          64  gui__divtbl_63_255.o(.constdata)
    GUI__aConvert_255_15                     0x200164e4   Data         256  gui__divtbl_255_15.o(.constdata)
    GUI__aConvert_255_31                     0x200165e4   Data         256  gui__divtbl_255_31.o(.constdata)
    GUI__aConvert_255_63                     0x200166e4   Data         256  gui__divtbl_255_63.o(.constdata)
    GUI_UC_None                              0x200167e4   Data          16  gui_uc_encodenone.o(.constdata)
    LCD_API_ColorConv_0                      0x200167f4   Data          24  guicc_0.o(.constdata)
    LCD_aMirror                              0x2001680c   Data         256  lcd_mirror.o(.constdata)
    GUI_MEMDEV_DEVICE_32                     0x2001694c   Data          52  guidev_32.o(.constdata)
    Region$$Table$$Base                      0x20016984   Number         0  anon$$obj.o(Region$$Table)
    Region$$Table$$Limit                     0x200169a4   Number         0  anon$$obj.o(Region$$Table)
    USBH_msc                                 0x20017000   Data          32  usbh_msc.o(.data)
    SystemCoreClock                          0x20017028   Data           4  system_stm32f4xx.o(.data)
    retUSBH                                  0x2001702c   Data           1  fatfs.o(.data)
    USBH_Path                                0x2001702d   Data           4  fatfs.o(.data)
    hcrc                                     0x20017034   Data           8  main.o(.data)
    Appli_state                              0x2001703c   Data           1  usb_host.o(.data)
    OS_TimeMS                                0x20017050   Data           4  gui_x.o(.data)
    GUI__pfMixColors                         0x2001706c   Data           4  gui__alpha.o(.data)
    GUI__pfMixColorsBulk                     0x20017070   Data           4  gui__alpha.o(.data)
    GUI_DecChar                              0x2001709c   Data           1  gui_core.o(.data)
    GUI_pfGetpPalConvTable                   0x200170a0   Data           4  gui_core.o(.data)
    GUI__pFontDefault                        0x200170a4   Data           4  gui_core.o(.data)
    GUI_pContext                             0x200170a8   Data           4  gui_core.o(.data)
    GUI_pUC_API                              0x200170ac   Data           4  gui_core.o(.data)
    GUI__apDevice                            0x200170c0   Data           8  gui_core.o(.data)
    GUI__BufferSize                          0x200170c8   Data           4  gui_core.o(.data)
    GUI_pLCD_APIList                         0x200170cc   Data           4  gui_core.o(.data)
    GUI_OrgX                                 0x200170d0   Data           2  gui_core.o(.data)
    GUI_OrgY                                 0x200170d2   Data           2  gui_core.o(.data)
    LCD__pSetColorAPI                        0x20017108   Data           4  lcd.o(.data)
    LCD__aConvTable                          0x20017110   Data           4  lcd_color.o(.data)
    WM__PaintCallbackCnt                     0x2001711c   Data           1  wm.o(.data)
    WM__NumWindows                           0x2001711e   Data           2  wm.o(.data)
    WM__NumInvalidWindows                    0x20017120   Data           2  wm.o(.data)
    WM__TouchedLayer                         0x20017128   Data           4  wm.o(.data)
    WM__FirstWin                             0x2001712c   Data           4  wm.o(.data)
    WM__pFirstCriticalHandle                 0x20017130   Data           4  wm.o(.data)
    WM__CreateFlags                          0x20017134   Data           4  wm.o(.data)
    WM_pfPollPID                             0x20017138   Data           4  wm.o(.data)
    WM_MULTIBUF__pAPI                        0x2001713c   Data           4  wm.o(.data)
    WM__TransWindowCnt                       0x20017140   Data           4  wm.o(.data)
    WM__hATransWindow                        0x20017144   Data           4  wm.o(.data)
    WM__hCreateStatic                        0x20017148   Data           4  wm.o(.data)
    WM__pExecGestures                        0x2001714c   Data           4  wm.o(.data)
    WM__ahDesktopWin                         0x20017160   Data           8  wm.o(.data)
    WM__aBkColor                             0x20017168   Data           8  wm.o(.data)
    WM__ahCapture                            0x20017170   Data           8  wm.o(.data)
    WM__ahWinFocus                           0x20017178   Data           8  wm.o(.data)
    disk                                     0x200171a0   Data          12  ff_gen_drv.o(.bss)
    hdma2d                                   0x200171ac   Data          64  main.o(.bss)
    hltdc                                    0x200171ec   Data         168  main.o(.bss)
    hrtc                                     0x20017294   Data          32  main.o(.bss)
    hspi5                                    0x200172b4   Data          88  main.o(.bss)
    htim6                                    0x2001730c   Data          60  main.o(.bss)
    htim7                                    0x20017348   Data          60  main.o(.bss)
    hsdram2                                  0x20017384   Data          52  main.o(.bss)
    hhcd_USB_OTG_HS                          0x200173b8   Data         664  usbh_conf.o(.bss)
    hUsbHostHS                               0x20017650   Data         968  usb_host.o(.bss)
    GUI_ALLOC__Context                       0x20029c90   Data         192  gui_alloc.o(.bss)
    WM__aCHWinModal                          0x20029e54   Data          16  wm_touch.o(.bss)
    WM__aCHWinLast                           0x20029e64   Data          16  wm_touch.o(.bss)
    WM__aCHWinMouseOver                      0x20029e74   Data          16  wm_touch.o(.bss)
    __libspace_start                         0x20029e84   Data          96  libspace.o(.bss)
    __temporary_stack_top$libspace           0x20029ee4   Data           0  libspace.o(.bss)



==============================================================================

Memory Map of the image

  Image Entry point : 0x200001ad

  Load Region LR_IROM1 (Base: 0x20000000, Size: 0x00016b44, Max: 0x00017000, ABSOLUTE, COMPRESSED[0x000169f4])

    Execution Region ER_IROM1 (Base: 0x20000000, Size: 0x000169a4, Max: 0x00017000, ABSOLUTE)

    Base Addr    Size         Type   Attr      Idx    E Section Name        Object

    0x20000000   0x000001ac   Data   RO            3    RESET               startup_stm32f429xx.o
    0x200001ac   0x00000008   Code   RO         3004  * !!!main             c_w.l(__main.o)
    0x200001b4   0x00000034   Code   RO         3206    !!!scatter          c_w.l(__scatter.o)
    0x200001e8   0x0000005a   Code   RO         3204    !!dczerorl2         c_w.l(__dczerorl2.o)
    0x20000242   0x00000002   PAD
    0x20000244   0x0000001c   Code   RO         3208    !!handler_zi        c_w.l(__scatter_zi.o)
    0x20000260   0x00000002   Code   RO         3144    .ARM.Collect$$libinit$$00000000  c_w.l(libinit.o)
    0x20000262   0x00000004   Code   RO         3038    .ARM.Collect$$libinit$$00000001  c_w.l(libinit2.o)
    0x20000266   0x00000008   Code   RO         3040    .ARM.Collect$$libinit$$00000003  c_w.l(libinit2.o)
    0x2000026e   0x00000000   Code   RO         3042    .ARM.Collect$$libinit$$00000008  c_w.l(libinit2.o)
    0x2000026e   0x00000000   Code   RO         3044    .ARM.Collect$$libinit$$0000000A  c_w.l(libinit2.o)
    0x2000026e   0x00000000   Code   RO         3046    .ARM.Collect$$libinit$$0000000C  c_w.l(libinit2.o)
    0x2000026e   0x00000000   Code   RO         3049    .ARM.Collect$$libinit$$0000000F  c_w.l(libinit2.o)
    0x2000026e   0x00000000   Code   RO         3051    .ARM.Collect$$libinit$$00000011  c_w.l(libinit2.o)
    0x2000026e   0x00000000   Code   RO         3053    .ARM.Collect$$libinit$$00000013  c_w.l(libinit2.o)
    0x2000026e   0x00000000   Code   RO         3055    .ARM.Collect$$libinit$$00000015  c_w.l(libinit2.o)
    0x2000026e   0x00000000   Code   RO         3057    .ARM.Collect$$libinit$$00000017  c_w.l(libinit2.o)
    0x2000026e   0x00000000   Code   RO         3059    .ARM.Collect$$libinit$$00000019  c_w.l(libinit2.o)
    0x2000026e   0x00000000   Code   RO         3061    .ARM.Collect$$libinit$$0000001B  c_w.l(libinit2.o)
    0x2000026e   0x00000000   Code   RO         3063    .ARM.Collect$$libinit$$0000001D  c_w.l(libinit2.o)
    0x2000026e   0x00000000   Code   RO         3065    .ARM.Collect$$libinit$$0000001F  c_w.l(libinit2.o)
    0x2000026e   0x00000000   Code   RO         3067    .ARM.Collect$$libinit$$00000021  c_w.l(libinit2.o)
    0x2000026e   0x00000000   Code   RO         3069    .ARM.Collect$$libinit$$00000023  c_w.l(libinit2.o)
    0x2000026e   0x00000000   Code   RO         3073    .ARM.Collect$$libinit$$0000002A  c_w.l(libinit2.o)
    0x2000026e   0x00000000   Code   RO         3075    .ARM.Collect$$libinit$$0000002C  c_w.l(libinit2.o)
    0x2000026e   0x00000000   Code   RO         3077    .ARM.Collect$$libinit$$0000002E  c_w.l(libinit2.o)
    0x2000026e   0x00000000   Code   RO         3079    .ARM.Collect$$libinit$$00000030  c_w.l(libinit2.o)
    0x2000026e   0x00000002   Code   RO         3080    .ARM.Collect$$libinit$$00000031  c_w.l(libinit2.o)
    0x20000270   0x00000002   Code   RO         3201    .ARM.Collect$$libshutdown$$00000000  c_w.l(libshutdown.o)
    0x20000272   0x00000000   Code   RO         3159    .ARM.Collect$$libshutdown$$00000003  c_w.l(libshutdown2.o)
    0x20000272   0x00000000   Code   RO         3162    .ARM.Collect$$libshutdown$$00000006  c_w.l(libshutdown2.o)
    0x20000272   0x00000000   Code   RO         3165    .ARM.Collect$$libshutdown$$00000009  c_w.l(libshutdown2.o)
    0x20000272   0x00000000   Code   RO         3167    .ARM.Collect$$libshutdown$$0000000B  c_w.l(libshutdown2.o)
    0x20000272   0x00000000   Code   RO         3170    .ARM.Collect$$libshutdown$$0000000E  c_w.l(libshutdown2.o)
    0x20000272   0x00000002   Code   RO         3171    .ARM.Collect$$libshutdown$$0000000F  c_w.l(libshutdown2.o)
    0x20000274   0x00000000   Code   RO         3008    .ARM.Collect$$rtentry$$00000000  c_w.l(rtentry.o)
    0x20000274   0x00000000   Code   RO         3087    .ARM.Collect$$rtentry$$00000002  c_w.l(rtentry2.o)
    0x20000274   0x00000006   Code   RO         3099    .ARM.Collect$$rtentry$$00000004  c_w.l(rtentry4.o)
    0x2000027a   0x00000000   Code   RO         3089    .ARM.Collect$$rtentry$$00000009  c_w.l(rtentry2.o)
    0x2000027a   0x00000004   Code   RO         3090    .ARM.Collect$$rtentry$$0000000A  c_w.l(rtentry2.o)
    0x2000027e   0x00000000   Code   RO         3092    .ARM.Collect$$rtentry$$0000000C  c_w.l(rtentry2.o)
    0x2000027e   0x00000008   Code   RO         3093    .ARM.Collect$$rtentry$$0000000D  c_w.l(rtentry2.o)
    0x20000286   0x00000002   Code   RO         3147    .ARM.Collect$$rtexit$$00000000  c_w.l(rtexit.o)
    0x20000288   0x00000000   Code   RO         3175    .ARM.Collect$$rtexit$$00000002  c_w.l(rtexit2.o)
    0x20000288   0x00000004   Code   RO         3176    .ARM.Collect$$rtexit$$00000003  c_w.l(rtexit2.o)
    0x2000028c   0x00000006   Code   RO         3177    .ARM.Collect$$rtexit$$00000004  c_w.l(rtexit2.o)
    0x20000292   0x00000002   PAD
    0x20000294   0x00000000   Code   RO         3103    .emb_text           c_w.l(maybetermalloc1.o)
    0x20000294   0x00000040   Code   RO            4    .text               startup_stm32f429xx.o
    0x200002d4   0x0000036c   Code   RO           13    .text               usbh_msc_bot.o
    0x20000640   0x00000190   Code   RO          193    .text               usbh_ioreq.o
    0x200007d0   0x00000550   Code   RO          217    .text               usbh_ctlreq.o
    0x20000d20   0x00000404   Code   RO          241    .text               usbh_msc_scsi.o
    0x20001124   0x00000582   Code   RO          265    .text               usbh_core.o
    0x200016a6   0x000000a8   Code   RO          289    .text               usbh_pipes.o
    0x2000174e   0x00000a56   Code   RO          313    .text               usbh_msc.o
    0x200021a4   0x000000b8   Code   RO          485    .text               ff_gen_drv.o
    0x2000225c   0x0000018c   Code   RO          512    .text               usbh_diskio.o
    0x200023e8   0x000004e0   Code   RO          568    .text               stm32f4xx_hal_rcc_ex.o
    0x200028c8   0x000000e0   Code   RO          616    .text               stm32f4xx_hal_crc.o
    0x200029a8   0x00000a6c   Code   RO          640    .text               stm32f4xx_hal_ltdc.o
    0x20003414   0x0000154a   Code   RO          664    .text               stm32f4xx_ll_usb.o
    0x2000495e   0x00000002   PAD
    0x20004960   0x00000320   Code   RO          689    .text               stm32f4xx_hal_cortex.o
    0x20004c80   0x00000618   Code   RO          717    .text               stm32f4xx_hal_dma.o
    0x20005298   0x00000a28   Code   RO          742    .text               stm32f4xx_hal_rcc.o
    0x20005cc0   0x00000d88   Code   RO          769    .text               stm32f4xx_hal_tim_ex.o
    0x20006a48   0x000011e2   Code   RO          817    .text               stm32f4xx_hal_hcd.o
    0x20007c2a   0x00000002   PAD
    0x20007c2c   0x000005a0   Code   RO          884    .text               stm32f4xx_ll_fmc.o
    0x200081cc   0x00000364   Code   RO          908    .text               stm32f4xx_hal_pwr_ex.o
    0x20008530   0x000001c4   Code   RO          932    .text               stm32f4xx_hal.o
    0x200086f4   0x000007d0   Code   RO          958    .text               stm32f4xx_hal_dma2d.o
    0x20008ec4   0x00000d9a   Code   RO         1000    .text               stm32f4xx_hal_rtc_ex.o
    0x20009c5e   0x00000002   PAD
    0x20009c60   0x000027fe   Code   RO         1051    .text               stm32f4xx_hal_tim.o
    0x2000c45e   0x00000002   PAD
    0x2000c460   0x00000438   Code   RO         1075    .text               stm32f4xx_hal_sdram.o
    0x2000c898   0x0000157c   Code   RO         1099    .text               stm32f4xx_hal_spi.o
    0x2000de14   0x000003d8   Code   RO         1123    .text               stm32f4xx_hal_gpio.o
    0x2000e1ec   0x00000b9c   Code   RO         1147    .text               stm32f4xx_hal_rtc.o
    0x2000ed88   0x00000120   Code   RO         1171    .text               system_stm32f4xx.o
    0x2000eea8   0x00000020   Code   RO         1202    .text               fatfs.o
    0x2000eec8   0x00000614   Code   RO         1236    .text               main.o
    0x2000f4dc   0x00000348   Code   RO         1295    .text               usbh_conf.o
    0x2000f824   0x00000068   Code   RO         1322    .text               usb_host.o
    0x2000f88c   0x00000534   Code   RO         1350    .text               stm32f4xx_hal_msp.o
    0x2000fdc0   0x0000006c   Code   RO         1376    .text               stm32f4xx_it.o
    0x2000fe2c   0x00000cd2   Code   RO         1404    .text               lcdconf_stm324x9i_eval_mb1046.o
    0x20010afe   0x00000002   PAD
    0x20010b00   0x0000001c   Code   RO         1474    .text               guiconf.o
    0x20010b1c   0x00000028   Code   RO         1487    .text               gui_x.o
    0x20010b44   0x0000005e   Code   RO         2932    .text               c_w.l(h1_alloc.o)
    0x20010ba2   0x0000004e   Code   RO         2934    .text               c_w.l(h1_free.o)
    0x20010bf0   0x0000008a   Code   RO         2990    .text               c_w.l(rt_memcpy_v6.o)
    0x20010c7a   0x00000084   Code   RO         2992    .text               c_w.l(rt_memmove_v6.o)
    0x20010cfe   0x00000064   Code   RO         2994    .text               c_w.l(rt_memcpy_w.o)
    0x20010d62   0x00000044   Code   RO         2998    .text               c_w.l(rt_memclr.o)
    0x20010da6   0x0000004e   Code   RO         3000    .text               c_w.l(rt_memclr_w.o)
    0x20010df4   0x00000006   Code   RO         3002    .text               c_w.l(heapauxi.o)
    0x20010dfa   0x00000002   PAD
    0x20010dfc   0x00000008   Code   RO         3012    .text               c_w.l(rt_heap_descriptor_intlibspace.o)
    0x20010e04   0x00000004   Code   RO         3014    .text               c_w.l(hguard.o)
    0x20010e08   0x0000008a   Code   RO         3016    .text               c_w.l(init_alloc.o)
    0x20010e92   0x0000000e   Code   RO         3020    .text               c_w.l(h1_init.o)
    0x20010ea0   0x0000007a   Code   RO         3034    .text               c_w.l(rt_memmove_w.o)
    0x20010f1a   0x00000002   PAD
    0x20010f1c   0x00000008   Code   RO         3083    .text               c_w.l(libspace.o)
    0x20010f24   0x00000034   Code   RO         3105    .text               c_w.l(h1_extend.o)
    0x20010f58   0x0000000e   Code   RO         3109    .text               c_w.l(defsig_rtmem_outer.o)
    0x20010f66   0x00000002   Code   RO         3120    .text               c_w.l(use_no_semi.o)
    0x20010f68   0x00000000   Code   RO         3122    .text               c_w.l(indicate_semi.o)
    0x20010f68   0x0000004a   Code   RO         3123    .text               c_w.l(sys_stackheap_outer.o)
    0x20010fb2   0x0000000c   Code   RO         3129    .text               c_w.l(exit.o)
    0x20010fbe   0x0000000a   Code   RO         3131    .text               c_w.l(defsig_exit.o)
    0x20010fc8   0x00000050   Code   RO         3133    .text               c_w.l(defsig_rtmem_inner.o)
    0x20011018   0x0000000c   Code   RO         3145    .text               c_w.l(sys_exit.o)
    0x20011024   0x00000032   Code   RO         3155    .text               c_w.l(defsig_general.o)
    0x20011056   0x0000000e   Code   RO         3172    .text               c_w.l(sys_wrch.o)
    0x20011064   0x0000000c   Code   RO         1531    i.GUICC_M1555I_SetCustColorConv  STemWin528_CM4_Keil.lib(guicc_m1555i.o)
    0x20011070   0x0000000c   Code   RO         1545    i.GUICC_M4444I_SetCustColorConv  STemWin528_CM4_Keil.lib(guicc_m4444i.o)
    0x2001107c   0x0000000c   Code   RO         1784    i.GUICC_M565_SetCustColorConv  STemWin528_CM4_Keil.lib(guicc_m565.o)
    0x20011088   0x0000000c   Code   RO         1559    i.GUICC_M8888I_SetCustColorConv  STemWin528_CM4_Keil.lib(guicc_m8888i.o)
    0x20011094   0x0000000c   Code   RO         1798    i.GUICC_M888_SetCustColorConv  STemWin528_CM4_Keil.lib(guicc_m888.o)
    0x200110a0   0x00000134   Code   RO         2087    i.GUIMONO_DispChar  STemWin528_CM4_Keil.lib(gui_charm.o)
    0x200111d4   0x00000018   Code   RO         2088    i.GUIMONO_GetCharDistX  STemWin528_CM4_Keil.lib(gui_charm.o)
    0x200111ec   0x00000006   Code   RO         2089    i.GUIMONO_GetFontInfo  STemWin528_CM4_Keil.lib(gui_charm.o)
    0x200111f2   0x00000038   Code   RO         2090    i.GUIMONO_IsInFont  STemWin528_CM4_Keil.lib(gui_charm.o)
    0x2001122a   0x0000000a   Code   RO         1602    i.GUI_ALLOC_AllocNoInit  STemWin528_CM4_Keil.lib(gui_alloc.o)
    0x20011234   0x00000024   Code   RO         2314    i.GUI_ALLOC_AllocZero  STemWin528_CM4_Keil.lib(gui_alloc_alloczero.o)
    0x20011258   0x00000010   Code   RO         1603    i.GUI_ALLOC_AssignMemory  STemWin528_CM4_Keil.lib(gui_alloc.o)
    0x20011268   0x00000038   Code   RO         1604    i.GUI_ALLOC_Free    STemWin528_CM4_Keil.lib(gui_alloc.o)
    0x200112a0   0x00000018   Code   RO         1605    i.GUI_ALLOC_FreeFixedBlock  STemWin528_CM4_Keil.lib(gui_alloc.o)
    0x200112b8   0x000000b0   Code   RO         1608    i.GUI_ALLOC_GetFixedBlock  STemWin528_CM4_Keil.lib(gui_alloc.o)
    0x20011368   0x0000001c   Code   RO         1618    i.GUI_ALLOC_LockH   STemWin528_CM4_Keil.lib(gui_alloc.o)
    0x20011384   0x00000030   Code   RO         1624    i.GUI_ALLOC_UnlockH  STemWin528_CM4_Keil.lib(gui_alloc.o)
    0x200113b4   0x00000018   Code   RO         1625    i.GUI_ALLOC_h2p     STemWin528_CM4_Keil.lib(gui_alloc.o)
    0x200113cc   0x0000003c   Code   RO         2316    i.GUI_CalcColorDist  STemWin528_CM4_Keil.lib(gui_calccolordist.o)
    0x20011408   0x0000001c   Code   RO         1678    i.GUI_Clear         STemWin528_CM4_Keil.lib(gui_core.o)
    0x20011424   0x00000060   Code   RO         1679    i.GUI_ClearRect     STemWin528_CM4_Keil.lib(gui_core.o)
    0x20011484   0x00000050   Code   RO         1713    i.GUI_DEVICE_Create  STemWin528_CM4_Keil.lib(gui_device.o)
    0x200114d4   0x00000028   Code   RO         1714    i.GUI_DEVICE_CreateAndLink  STemWin528_CM4_Keil.lib(gui_device.o)
    0x200114fc   0x00000004   Code   RO         1715    i.GUI_DEVICE_Delete  STemWin528_CM4_Keil.lib(gui_device.o)
    0x20011500   0x00000088   Code   RO         1716    i.GUI_DEVICE_Link   STemWin528_CM4_Keil.lib(gui_device.o)
    0x20011588   0x00000004   Code   RO         1718    i.GUI_DEVICE_Unlink  STemWin528_CM4_Keil.lib(gui_device.o)
    0x2001158c   0x00000024   Code   RO         1721    i.GUI_DEVICE__GetpDriver  STemWin528_CM4_Keil.lib(gui_device.o)
    0x200115b0   0x0000007c   Code   RO         1595    i.GUI_DrawRect      STemWin528_CM4_Keil.lib(gui_2dlib.o)
    0x2001162c   0x00000014   Code   RO         1863    i.GUI_GetBitsPerPixelEx  STemWin528_CM4_Keil.lib(lcd_getex.o)
    0x20011640   0x0000000c   Code   RO         1734    i.GUI_GetDrawMode   STemWin528_CM4_Keil.lib(gui_getdrawmode.o)
    0x2001164c   0x00000016   Code   RO         1763    i.GUI_GetLayerPosEx  STemWin528_CM4_Keil.lib(gui_selectlayer.o)
    0x20011662   0x00000002   PAD
    0x20011664   0x00000010   Code   RO         1865    i.GUI_GetpfIndex2ColorEx  STemWin528_CM4_Keil.lib(lcd_getex.o)
    0x20011674   0x00000014   Code   RO         2096    i.GUI_GotoXY        STemWin528_CM4_Keil.lib(gui_goto.o)
    0x20011688   0x00000064   Code   RO         1681    i.GUI_Init          STemWin528_CM4_Keil.lib(gui_core.o)
    0x200116ec   0x00000040   Code   RO         2377    i.GUI_MEMDEV_Delete  STemWin528_CM4_Keil.lib(guidev.o)
    0x2001172c   0x0000001a   Code   RO         2684    i.GUI_MEMDEV_GetDataPtr  STemWin528_CM4_Keil.lib(guidev_getdataptr.o)
    0x20011746   0x00000002   PAD
    0x20011748   0x00000190   Code   RO         2425    i.GUI_MEMDEV__WriteToActiveAlpha  STemWin528_CM4_Keil.lib(guidev_writetoactivealpha.o)
    0x200118d8   0x0000002c   Code   RO         1741    i.GUI_MULTIBUF_ConfirmEx  STemWin528_CM4_Keil.lib(gui_multibuf.o)
    0x20011904   0x00000058   Code   RO         2318    i.GUI_MergeRect     STemWin528_CM4_Keil.lib(gui_mergerect.o)
    0x2001195c   0x0000001e   Code   RO         2320    i.GUI_MoveRect      STemWin528_CM4_Keil.lib(gui_moverect.o)
    0x2001197a   0x00000002   PAD
    0x2001197c   0x00000060   Code   RO         2141    i.GUI_ReadRectEx    STemWin528_CM4_Keil.lib(lcd_readrect.o)
    0x200119dc   0x00000038   Code   RO         2344    i.GUI_RectsIntersect  STemWin528_CM4_Keil.lib(gui_rectsintersect.o)
    0x20011a14   0x00000012   Code   RO         2105    i.GUI_SelectLCD     STemWin528_CM4_Keil.lib(gui_selectlcd.o)
    0x20011a26   0x00000002   PAD
    0x20011a28   0x00000024   Code   RO         1765    i.GUI_SelectLayer   STemWin528_CM4_Keil.lib(gui_selectlayer.o)
    0x20011a4c   0x00000004   Code   RO         1780    i.GUI_SetBkColor    STemWin528_CM4_Keil.lib(gui_setcolor.o)
    0x20011a50   0x0000000c   Code   RO         1682    i.GUI_SetDefaultFont  STemWin528_CM4_Keil.lib(gui_core.o)
    0x20011a5c   0x0000000c   Code   RO         1573    i.GUI_SetFuncAlphaBlending  STemWin528_CM4_Keil.lib(gui__alpha.o)
    0x20011a68   0x0000000c   Code   RO         1683    i.GUI_SetFuncGetpPalConvTable  STemWin528_CM4_Keil.lib(gui_core.o)
    0x20011a74   0x0000000c   Code   RO         1574    i.GUI_SetFuncMixColors  STemWin528_CM4_Keil.lib(gui__alpha.o)
    0x20011a80   0x0000000c   Code   RO         1575    i.GUI_SetFuncMixColorsBulk  STemWin528_CM4_Keil.lib(gui__alpha.o)
    0x20011a8c   0x00000038   Code   RO         2107    i.GUI_SetOrg        STemWin528_CM4_Keil.lib(gui_setorg.o)
    0x20011ac4   0x00000010   Code   RO         2357    i.GUI_SignalEvent   STemWin528_CM4_Keil.lib(gui_waitevent.o)
    0x20011ad4   0x00000010   Code   RO         2328    i.GUI_StoreKey      STemWin528_CM4_Keil.lib(gui_onkey.o)
    0x20011ae4   0x00000028   Code   RO         2419    i.GUI_USAGE_AddRect  STemWin528_CM4_Keil.lib(guidev_usage.o)
    0x20011b0c   0x00000024   Code   RO         2420    i.GUI_USAGE_DecUseCnt  STemWin528_CM4_Keil.lib(guidev_usage.o)
    0x20011b30   0x00000016   Code   RO         1576    i.GUI__AllocAlphaBuffer  STemWin528_CM4_Keil.lib(gui__alpha.o)
    0x20011b46   0x0000000c   Code   RO         2479    i.GUI__CompactPixelIndicesEx  STemWin528_CM4_Keil.lib(gui__compactpixelindices.o)
    0x20011b52   0x00000002   PAD
    0x20011b54   0x00000034   Code   RO         1684    i.GUI__Config       STemWin528_CM4_Keil.lib(gui_core.o)
    0x20011b88   0x00000168   Code   RO         2480    i.GUI__ConvertColor2Index  STemWin528_CM4_Keil.lib(gui__compactpixelindices.o)
    0x20011cf0   0x000001d0   Code   RO         1577    i.GUI__DoAlphaBlending  STemWin528_CM4_Keil.lib(gui__alpha.o)
    0x20011ec0   0x00000142   Code   RO         2082    i.GUI__ExpandPixelIndicesEx  STemWin528_CM4_Keil.lib(gui__expandpixelindices.o)
    0x20012002   0x00000002   PAD
    0x20012004   0x0000009c   Code   RO         1578    i.GUI__GetAlphaBuffer  STemWin528_CM4_Keil.lib(gui__alpha.o)
    0x200120a0   0x0000003a   Code   RO         2301    i.GUI__IntersectRect  STemWin528_CM4_Keil.lib(gui__intersectrect.o)
    0x200120da   0x00000052   Code   RO         2303    i.GUI__IntersectRects  STemWin528_CM4_Keil.lib(gui__intersectrects.o)
    0x2001212c   0x00000066   Code   RO         1579    i.GUI__MixColors    STemWin528_CM4_Keil.lib(gui__alpha.o)
    0x20012192   0x0000004e   Code   RO         1580    i.GUI__MixColorsBulk  STemWin528_CM4_Keil.lib(gui__alpha.o)
    0x200121e0   0x00000010   Code   RO         1685    i.GUI__RegisterExit  STemWin528_CM4_Keil.lib(gui_core.o)
    0x200121f0   0x0000004c   Code   RO         2085    i.GUI__memset       STemWin528_CM4_Keil.lib(gui__memset.o)
    0x2001223c   0x0000001c   Code   RO         1810    i.LCD_Color2Index   STemWin528_CM4_Keil.lib(lcd.o)
    0x20012258   0x00000056   Code   RO         1513    i.LCD_Color2Index_8666  STemWin528_CM4_Keil.lib(guicc_8666.o)
    0x200122ae   0x00000002   PAD
    0x200122b0   0x00000204   Code   RO         1811    i.LCD_DrawBitmap    STemWin528_CM4_Keil.lib(lcd.o)
    0x200124b4   0x00000058   Code   RO         1812    i.LCD_DrawHLine     STemWin528_CM4_Keil.lib(lcd.o)
    0x2001250c   0x00000068   Code   RO         1813    i.LCD_DrawPixel     STemWin528_CM4_Keil.lib(lcd.o)
    0x20012574   0x00000054   Code   RO         1814    i.LCD_DrawVLine     STemWin528_CM4_Keil.lib(lcd.o)
    0x200125c8   0x00000058   Code   RO         1815    i.LCD_FillRect      STemWin528_CM4_Keil.lib(lcd.o)
    0x20012620   0x00000006   Code   RO         1867    i.LCD_GetBitsPerPixelEx  STemWin528_CM4_Keil.lib(lcd_getex.o)
    0x20012626   0x00000002   PAD
    0x20012628   0x00000018   Code   RO         1869    i.LCD_GetDevFunc    STemWin528_CM4_Keil.lib(lcd_getex.o)
    0x20012640   0x00000006   Code   RO         1871    i.LCD_GetMirrorXEx  STemWin528_CM4_Keil.lib(lcd_getex.o)
    0x20012646   0x00000006   Code   RO         1873    i.LCD_GetMirrorYEx  STemWin528_CM4_Keil.lib(lcd_getex.o)
    0x2001264c   0x00000010   Code   RO         1874    i.LCD_GetNumColors  STemWin528_CM4_Keil.lib(lcd_getex.o)
    0x2001265c   0x00000006   Code   RO         1875    i.LCD_GetNumColorsEx  STemWin528_CM4_Keil.lib(lcd_getex.o)
    0x20012662   0x0000001a   Code   RO         2137    i.LCD_GetNumLayers  STemWin528_CM4_Keil.lib(lcd_getnumdisplays.o)
    0x2001267c   0x00000010   Code   RO         1876    i.LCD_GetPalette    STemWin528_CM4_Keil.lib(lcd_getex.o)
    0x2001268c   0x00000018   Code   RO         1877    i.LCD_GetPaletteEx  STemWin528_CM4_Keil.lib(lcd_getex.o)
    0x200126a4   0x0000002c   Code   RO         1942    i.LCD_GetPosEx      STemWin528_CM4_Keil.lib(lcd_set.o)
    0x200126d0   0x00000006   Code   RO         1879    i.LCD_GetSwapXYEx   STemWin528_CM4_Keil.lib(lcd_getex.o)
    0x200126d6   0x00000006   Code   RO         1882    i.LCD_GetVXSizeMax  STemWin528_CM4_Keil.lib(lcd_getex.o)
    0x200126dc   0x00000004   Code   RO         1848    i.LCD_GetpPalConvTable  STemWin528_CM4_Keil.lib(lcd_color.o)
    0x200126e0   0x00000004   Code   RO         1849    i.LCD_GetpPalConvTableBM  STemWin528_CM4_Keil.lib(lcd_color.o)
    0x200126e4   0x00000048   Code   RO         1850    i.LCD_GetpPalConvTableUncached  STemWin528_CM4_Keil.lib(lcd_color.o)
    0x2001272c   0x0000001c   Code   RO         1816    i.LCD_Index2Color   STemWin528_CM4_Keil.lib(lcd.o)
    0x20012748   0x00000064   Code   RO         1514    i.LCD_Index2Color_8666  STemWin528_CM4_Keil.lib(guicc_8666.o)
    0x200127ac   0x00000002   Code   RO         2131    i.LCD_Index2Color_888  STemWin528_CM4_Keil.lib(guicc_888_index2color.o)
    0x200127ae   0x00000002   Code   RO         2133    i.LCD_Index2Color_8888  STemWin528_CM4_Keil.lib(guicc_8888_index2color.o)
    0x200127b0   0x0000002c   Code   RO         1785    i.LCD_Index2Color_M565  STemWin528_CM4_Keil.lib(guicc_m565.o)
    0x200127dc   0x00000014   Code   RO         2135    i.LCD_Index2Color_M888  STemWin528_CM4_Keil.lib(guicc_m888_index2color.o)
    0x200127f0   0x00000034   Code   RO         1851    i.LCD_InitColors    STemWin528_CM4_Keil.lib(lcd_color.o)
    0x20012824   0x0000007c   Code   RO         1852    i.LCD_InitLUT       STemWin528_CM4_Keil.lib(lcd_color.o)
    0x200128a0   0x00000198   Code   RO         2143    i.LCD_ReadRectEx    STemWin528_CM4_Keil.lib(lcd_readrect.o)
    0x20012a38   0x00000040   Code   RO         2367    i.LCD_SelectLCD     STemWin528_CM4_Keil.lib(lcd_selectlcd.o)
    0x20012a78   0x0000000c   Code   RO         1817    i.LCD_SetBkColor    STemWin528_CM4_Keil.lib(lcd.o)
    0x20012a84   0x00000018   Code   RO         1818    i.LCD_SetBkColorIndex  STemWin528_CM4_Keil.lib(lcd.o)
    0x20012a9c   0x00000030   Code   RO         2369    i.LCD_SetClipRectEx  STemWin528_CM4_Keil.lib(lcd_setcliprectex.o)
    0x20012acc   0x0000001c   Code   RO         1819    i.LCD_SetClipRectMax  STemWin528_CM4_Keil.lib(lcd.o)
    0x20012ae8   0x0000000c   Code   RO         1820    i.LCD_SetColor      STemWin528_CM4_Keil.lib(lcd.o)
    0x20012af4   0x00000018   Code   RO         1821    i.LCD_SetColorIndex  STemWin528_CM4_Keil.lib(lcd.o)
    0x20012b0c   0x0000002c   Code   RO         1953    i.LCD_SetDevFunc    STemWin528_CM4_Keil.lib(lcd_set.o)
    0x20012b38   0x0000000c   Code   RO         1822    i.LCD_SetDrawMode   STemWin528_CM4_Keil.lib(lcd.o)
    0x20012b44   0x0000002c   Code   RO         1955    i.LCD_SetLUTEntryEx  STemWin528_CM4_Keil.lib(lcd_set.o)
    0x20012b70   0x0000002c   Code   RO         1959    i.LCD_SetSizeEx     STemWin528_CM4_Keil.lib(lcd_set.o)
    0x20012b9c   0x00000028   Code   RO         1961    i.LCD_SetVRAMAddrEx  STemWin528_CM4_Keil.lib(lcd_set.o)
    0x20012bc4   0x0000002c   Code   RO         1963    i.LCD_SetVSizeEx    STemWin528_CM4_Keil.lib(lcd_set.o)
    0x20012bf0   0x00000024   Code   RO         2371    i.LCD_UpdateColorIndices  STemWin528_CM4_Keil.lib(lcd_updatecolorindices.o)
    0x20012c14   0x00000010   Code   RO         2185    i.WM_Activate       STemWin528_CM4_Keil.lib(wm.o)
    0x20012c24   0x0000007e   Code   RO         2430    i.WM_BringToBottom  STemWin528_CM4_Keil.lib(wm_bringtobottom.o)
    0x20012ca2   0x00000002   PAD
    0x20012ca4   0x00000148   Code   RO         2187    i.WM_CreateWindowAsChild  STemWin528_CM4_Keil.lib(wm.o)
    0x20012dec   0x00000046   Code   RO         2189    i.WM_DefaultProc    STemWin528_CM4_Keil.lib(wm.o)
    0x20012e32   0x00000002   PAD
    0x20012e34   0x00000018   Code   RO         2299    i.WM_GetDesktopWindow  STemWin528_CM4_Keil.lib(wm_getdesktopwindow.o)
    0x20012e4c   0x0000000e   Code   RO         2442    i.WM_GetFirstChild  STemWin528_CM4_Keil.lib(wm_getfirstchild.o)
    0x20012e5a   0x0000000e   Code   RO         2746    i.WM_GetParent      STemWin528_CM4_Keil.lib(wm_getparent.o)
    0x20012e68   0x000000d4   Code   RO         2194    i.WM_Init           STemWin528_CM4_Keil.lib(wm.o)
    0x20012f3c   0x00000076   Code   RO         2195    i.WM_InvalidateRect  STemWin528_CM4_Keil.lib(wm.o)
    0x20012fb2   0x00000006   Code   RO         2196    i.WM_InvalidateWindow  STemWin528_CM4_Keil.lib(wm.o)
    0x20012fb8   0x0000005e   Code   RO         2197    i.WM_InvalidateWindowAndDescsEx  STemWin528_CM4_Keil.lib(wm.o)
    0x20013016   0x00000002   PAD
    0x20013018   0x0000003c   Code   RO         2198    i.WM_SelectWindow   STemWin528_CM4_Keil.lib(wm.o)
    0x20013054   0x0000001e   Code   RO         2448    i.WM_SendToParent   STemWin528_CM4_Keil.lib(wm_sendtoparent.o)
    0x20013072   0x00000002   PAD
    0x20013074   0x00000048   Code   RO         2201    i.WM__ActivateClipRect  STemWin528_CM4_Keil.lib(wm.o)
    0x200130bc   0x00000010   Code   RO         2432    i.WM__AddCriticalHandle  STemWin528_CM4_Keil.lib(wm_criticalhandle.o)
    0x200130cc   0x00000010   Code   RO         2202    i.WM__Client2Screen  STemWin528_CM4_Keil.lib(wm.o)
    0x200130dc   0x0000004e   Code   RO         2203    i.WM__ClipAtParentBorders  STemWin528_CM4_Keil.lib(wm.o)
    0x2001312a   0x00000020   Code   RO         2438    i.WM__GetClientRectEx  STemWin528_CM4_Keil.lib(wm_getclientrect.o)
    0x2001314a   0x00000018   Code   RO         2206    i.WM__GetClientRectWin  STemWin528_CM4_Keil.lib(wm.o)
    0x20013162   0x00000012   Code   RO         2895    i.WM__GetFirstSibling  STemWin528_CM4_Keil.lib(wm__getfirstsibling.o)
    0x20013174   0x00000040   Code   RO         2207    i.WM__GetNextIVR    STemWin528_CM4_Keil.lib(wm.o)
    0x200131b4   0x00000024   Code   RO         2726    i.WM__GetPrevSibling  STemWin528_CM4_Keil.lib(wm__getprevsibling.o)
    0x200131d8   0x00000018   Code   RO         2208    i.WM__GetTopLevelLayer  STemWin528_CM4_Keil.lib(wm.o)
    0x200131f0   0x000000f0   Code   RO         2209    i.WM__InitIVRSearch  STemWin528_CM4_Keil.lib(wm.o)
    0x200132e0   0x000000a4   Code   RO         2210    i.WM__InsertWindowIntoList  STemWin528_CM4_Keil.lib(wm.o)
    0x20013384   0x00000006   Code   RO         2211    i.WM__Invalidate1Abs  STemWin528_CM4_Keil.lib(wm.o)
    0x2001338a   0x00000002   PAD
    0x2001338c   0x00000054   Code   RO         2212    i.WM__InvalidateDrawAndDescs  STemWin528_CM4_Keil.lib(wm.o)
    0x200133e0   0x00000076   Code   RO         2214    i.WM__InvalidateRect  STemWin528_CM4_Keil.lib(wm.o)
    0x20013456   0x00000006   Code   RO         2215    i.WM__InvalidateRectEx  STemWin528_CM4_Keil.lib(wm.o)
    0x2001345c   0x00000020   Code   RO         2220    i.WM__RectIsNZ      STemWin528_CM4_Keil.lib(wm.o)
    0x2001347c   0x00000014   Code   RO         2222    i.WM__SelectTopLevelLayer  STemWin528_CM4_Keil.lib(wm.o)
    0x20013490   0x0000003c   Code   RO         2427    i.WM__SendMessage   STemWin528_CM4_Keil.lib(wm__sendmessage.o)
    0x200134cc   0x0000000e   Code   RO         2223    i.WM__SendMsgNoData  STemWin528_CM4_Keil.lib(wm.o)
    0x200134da   0x00000002   PAD
    0x200134dc   0x0000008c   Code   RO         1627    i._AddFreeMemory    STemWin528_CM4_Keil.lib(gui_alloc.o)
    0x20013568   0x000000bc   Code   RO         1628    i._Alloc            STemWin528_CM4_Keil.lib(gui_alloc.o)
    0x20013624   0x00000004   Code   RO         2110    i._CalcSizeOfChar   STemWin528_CM4_Keil.lib(gui_uc_encodenone.o)
    0x20013628   0x0000004c   Code   RO         1786    i._Color2IndexBulk  STemWin528_CM4_Keil.lib(guicc_m565.o)
    0x20013674   0x00000034   Code   RO         1799    i._Color2IndexBulk  STemWin528_CM4_Keil.lib(guicc_m888.o)
    0x200136a8   0x00000044   Code   RO         1502    i._Color2IndexBulk_1616I  STemWin528_CM4_Keil.lib(guicc_1616i.o)
    0x200136ec   0x00000038   Code   RO         1520    i._Color2IndexBulk_88666I  STemWin528_CM4_Keil.lib(guicc_88666i.o)
    0x20013724   0x0000005c   Code   RO         1532    i._Color2IndexBulk_M1555I  STemWin528_CM4_Keil.lib(guicc_m1555i.o)
    0x20013780   0x00000058   Code   RO         1546    i._Color2IndexBulk_M4444I  STemWin528_CM4_Keil.lib(guicc_m4444i.o)
    0x200137d8   0x00000044   Code   RO         1560    i._Color2IndexBulk_M8888I  STemWin528_CM4_Keil.lib(guicc_m8888i.o)
    0x2001381c   0x00000054   Code   RO         2122    i._Color2Index_0    STemWin528_CM4_Keil.lib(guicc_0.o)
    0x20013870   0x00000072   Code   RO         2068    i._Color2Index_16   STemWin528_CM4_Keil.lib(guicc_16.o)
    0x200138e2   0x00000002   PAD
    0x200138e4   0x00000028   Code   RO         1503    i._Color2Index_1616I  STemWin528_CM4_Keil.lib(guicc_1616i.o)
    0x2001390c   0x00000020   Code   RO         1521    i._Color2Index_88666I  STemWin528_CM4_Keil.lib(guicc_88666i.o)
    0x2001392c   0x00000038   Code   RO         1533    i._Color2Index_M1555I  STemWin528_CM4_Keil.lib(guicc_m1555i.o)
    0x20013964   0x0000003a   Code   RO         1547    i._Color2Index_M4444I  STemWin528_CM4_Keil.lib(guicc_m4444i.o)
    0x2001399e   0x00000002   PAD
    0x200139a0   0x0000002c   Code   RO         1787    i._Color2Index_M565  STemWin528_CM4_Keil.lib(guicc_m565.o)
    0x200139cc   0x00000014   Code   RO         1800    i._Color2Index_M888  STemWin528_CM4_Keil.lib(guicc_m888.o)
    0x200139e0   0x00000020   Code   RO         1561    i._Color2Index_M8888I  STemWin528_CM4_Keil.lib(guicc_m8888i.o)
    0x20013a00   0x00000050   Code   RO         1991    i._CopyBuffer       STemWin528_CM4_Keil.lib(guidrv_lin_32.o)
    0x20013a50   0x00000020   Code   RO         2225    i._DesktopHandle2Index  STemWin528_CM4_Keil.lib(wm.o)
    0x20013a70   0x00000104   Code   RO         1992    i._DrawBitLine1BPP  STemWin528_CM4_Keil.lib(guidrv_lin_32.o)
    0x20013b74   0x0000011c   Code   RO         2150    i._DrawBitLine1BPP  STemWin528_CM4_Keil.lib(guidev_32.o)
    0x20013c90   0x00000094   Code   RO         1993    i._DrawBitLine2BPP  STemWin528_CM4_Keil.lib(guidrv_lin_32.o)
    0x20013d24   0x000000e0   Code   RO         2151    i._DrawBitLine2BPP  STemWin528_CM4_Keil.lib(guidev_32.o)
    0x20013e04   0x00000094   Code   RO         2152    i._DrawBitLine32BPP_DDB  STemWin528_CM4_Keil.lib(guidev_32.o)
    0x20013e98   0x0000009c   Code   RO         1994    i._DrawBitLine4BPP  STemWin528_CM4_Keil.lib(guidrv_lin_32.o)
    0x20013f34   0x00000158   Code   RO         2153    i._DrawBitLine4BPP  STemWin528_CM4_Keil.lib(guidev_32.o)
    0x2001408c   0x000000f0   Code   RO         1995    i._DrawBitLine8BPP  STemWin528_CM4_Keil.lib(guidrv_lin_32.o)
    0x2001417c   0x00000188   Code   RO         1996    i._DrawBitmap       STemWin528_CM4_Keil.lib(guidrv_lin_32.o)
    0x20014304   0x000002a4   Code   RO         2154    i._DrawBitmap       STemWin528_CM4_Keil.lib(guidev_32.o)
    0x200145a8   0x0000000a   Code   RO         1997    i._DrawHLine        STemWin528_CM4_Keil.lib(guidrv_lin_32.o)
    0x200145b2   0x0000000a   Code   RO         2155    i._DrawHLine        STemWin528_CM4_Keil.lib(guidev_32.o)
    0x200145bc   0x0000000c   Code   RO         1998    i._DrawVLine        STemWin528_CM4_Keil.lib(guidrv_lin_32.o)
    0x200145c8   0x000000ac   Code   RO         2156    i._DrawVLine        STemWin528_CM4_Keil.lib(guidev_32.o)
    0x20014674   0x00000006   Code   RO         2111    i._Encode           STemWin528_CM4_Keil.lib(gui_uc_encodenone.o)
    0x2001467a   0x00000002   PAD
    0x2001467c   0x00000098   Code   RO         1629    i._EnlargeBlocks    STemWin528_CM4_Keil.lib(gui_alloc.o)
    0x20014714   0x00000028   Code   RO         1999    i._FillRect         STemWin528_CM4_Keil.lib(guidrv_lin_32.o)
    0x2001473c   0x000000a4   Code   RO         2157    i._FillRect         STemWin528_CM4_Keil.lib(guidev_32.o)
    0x200147e0   0x000000d4   Code   RO         2000    i._FillRectOpt32    STemWin528_CM4_Keil.lib(guidrv_lin_32.o)
    0x200148b4   0x00000148   Code   RO         2228    i._FindNext_IVR     STemWin528_CM4_Keil.lib(wm.o)
    0x200149fc   0x0000007c   Code   RO         2229    i._Findx0           STemWin528_CM4_Keil.lib(wm.o)
    0x20014a78   0x00000072   Code   RO         2230    i._Findx1           STemWin528_CM4_Keil.lib(wm.o)
    0x20014aea   0x000000a6   Code   RO         2231    i._Findy1           STemWin528_CM4_Keil.lib(wm.o)
    0x20014b90   0x00000004   Code   RO         2112    i._GetCharCode      STemWin528_CM4_Keil.lib(gui_uc_encodenone.o)
    0x20014b94   0x00000004   Code   RO         2113    i._GetCharSize      STemWin528_CM4_Keil.lib(gui_uc_encodenone.o)
    0x20014b98   0x00000010   Code   RO         2001    i._GetDevData       STemWin528_CM4_Keil.lib(guidrv_lin_32.o)
    0x20014ba8   0x00000010   Code   RO         2158    i._GetDevData       STemWin528_CM4_Keil.lib(guidev_32.o)
    0x20014bb8   0x000000dc   Code   RO         2002    i._GetDevFunc       STemWin528_CM4_Keil.lib(guidrv_lin_32.o)
    0x20014c94   0x00000010   Code   RO         2159    i._GetDevFunc       STemWin528_CM4_Keil.lib(guidev_32.o)
    0x20014ca4   0x0000001e   Code   RO         1900    i._GetDevProp       STemWin528_CM4_Keil.lib(lcd_getex.o)
    0x20014cc2   0x0000003c   Code   RO         2003    i._GetDevProp       STemWin528_CM4_Keil.lib(guidrv_lin_32.o)
    0x20014cfe   0x0000000c   Code   RO         2160    i._GetDevProp       STemWin528_CM4_Keil.lib(guidev_32.o)
    0x20014d0a   0x00000052   Code   RO         2123    i._GetIndexMask_0   STemWin528_CM4_Keil.lib(guicc_0.o)
    0x20014d5c   0x00000004   Code   RO         2069    i._GetIndexMask_16  STemWin528_CM4_Keil.lib(guicc_16.o)
    0x20014d60   0x00000004   Code   RO         1504    i._GetIndexMask_1616I  STemWin528_CM4_Keil.lib(guicc_1616i.o)
    0x20014d64   0x00000004   Code   RO         1515    i._GetIndexMask_8666  STemWin528_CM4_Keil.lib(guicc_8666.o)
    0x20014d68   0x00000006   Code   RO         1522    i._GetIndexMask_88666I  STemWin528_CM4_Keil.lib(guicc_88666i.o)
    0x20014d6e   0x00000006   Code   RO         1534    i._GetIndexMask_M1555I  STemWin528_CM4_Keil.lib(guicc_m1555i.o)
    0x20014d74   0x00000006   Code   RO         1548    i._GetIndexMask_M4444I  STemWin528_CM4_Keil.lib(guicc_m4444i.o)
    0x20014d7a   0x00000006   Code   RO         1788    i._GetIndexMask_M565  STemWin528_CM4_Keil.lib(guicc_m565.o)
    0x20014d80   0x00000006   Code   RO         1801    i._GetIndexMask_M888  STemWin528_CM4_Keil.lib(guicc_m888.o)
    0x20014d86   0x00000006   Code   RO         1562    i._GetIndexMask_M8888I  STemWin528_CM4_Keil.lib(guicc_m8888i.o)
    0x20014d8c   0x0000001e   Code   RO         1901    i._GetMaxValue      STemWin528_CM4_Keil.lib(lcd_getex.o)
    0x20014daa   0x00000002   PAD
    0x20014dac   0x0000001c   Code   RO         1630    i._GetMinIndex      STemWin528_CM4_Keil.lib(gui_alloc.o)
    0x20014dc8   0x00000010   Code   RO         2004    i._GetPixelIndex    STemWin528_CM4_Keil.lib(guidrv_lin_32.o)
    0x20014dd8   0x0000000e   Code   RO         2161    i._GetPixelIndex    STemWin528_CM4_Keil.lib(guidev_32.o)
    0x20014de6   0x0000001c   Code   RO         2005    i._GetPos           STemWin528_CM4_Keil.lib(guidrv_lin_32.o)
    0x20014e02   0x00000016   Code   RO         2006    i._GetRect          STemWin528_CM4_Keil.lib(guidrv_lin_32.o)
    0x20014e18   0x00000030   Code   RO         2162    i._GetRect          STemWin528_CM4_Keil.lib(guidev_32.o)
    0x20014e48   0x00000010   Code   RO         2098    i._GotoX            STemWin528_CM4_Keil.lib(gui_goto.o)
    0x20014e58   0x00000010   Code   RO         2099    i._GotoY            STemWin528_CM4_Keil.lib(gui_goto.o)
    0x20014e68   0x00000058   Code   RO         1789    i._Index2ColorBulk  STemWin528_CM4_Keil.lib(guicc_m565.o)
    0x20014ec0   0x00000034   Code   RO         1802    i._Index2ColorBulk  STemWin528_CM4_Keil.lib(guicc_m888.o)
    0x20014ef4   0x0000004c   Code   RO         1505    i._Index2ColorBulk_1616I  STemWin528_CM4_Keil.lib(guicc_1616i.o)
    0x20014f40   0x00000044   Code   RO         1523    i._Index2ColorBulk_88666I  STemWin528_CM4_Keil.lib(guicc_88666i.o)
    0x20014f84   0x0000005c   Code   RO         1535    i._Index2ColorBulk_M1555I  STemWin528_CM4_Keil.lib(guicc_m1555i.o)
    0x20014fe0   0x0000005c   Code   RO         1549    i._Index2ColorBulk_M4444I  STemWin528_CM4_Keil.lib(guicc_m4444i.o)
    0x2001503c   0x00000044   Code   RO         1563    i._Index2ColorBulk_M8888I  STemWin528_CM4_Keil.lib(guicc_m8888i.o)
    0x20015080   0x00000020   Code   RO         2124    i._Index2Color_0    STemWin528_CM4_Keil.lib(guicc_0.o)
    0x200150a0   0x00000036   Code   RO         2070    i._Index2Color_16   STemWin528_CM4_Keil.lib(guicc_16.o)
    0x200150d6   0x00000002   PAD
    0x200150d8   0x00000028   Code   RO         1506    i._Index2Color_1616I  STemWin528_CM4_Keil.lib(guicc_1616i.o)
    0x20015100   0x00000020   Code   RO         1524    i._Index2Color_88666I  STemWin528_CM4_Keil.lib(guicc_88666i.o)
    0x20015120   0x00000030   Code   RO         1536    i._Index2Color_M1555I  STemWin528_CM4_Keil.lib(guicc_m1555i.o)
    0x20015150   0x00000030   Code   RO         1550    i._Index2Color_M4444I  STemWin528_CM4_Keil.lib(guicc_m4444i.o)
    0x20015180   0x00000020   Code   RO         1564    i._Index2Color_M8888I  STemWin528_CM4_Keil.lib(guicc_m8888i.o)
    0x200151a0   0x00000018   Code   RO         2007    i._Init             STemWin528_CM4_Keil.lib(guidrv_lin_32.o)
    0x200151b8   0x00000070   Code   RO         1686    i._InitContext      STemWin528_CM4_Keil.lib(gui_core.o)
    0x20015228   0x000000a8   Code   RO         1631    i._InitOnce         STemWin528_CM4_Keil.lib(gui_alloc.o)
    0x200152d0   0x00000024   Code   RO         2008    i._InitOnce         STemWin528_CM4_Keil.lib(guidrv_lin_32.o)
    0x200152f4   0x00000080   Code   RO         2232    i._Invalidate1Abs   STemWin528_CM4_Keil.lib(wm.o)
    0x20015374   0x0000000a   Code   RO         2009    i._Off              STemWin528_CM4_Keil.lib(guidrv_lin_32.o)
    0x2001537e   0x0000000a   Code   RO         2010    i._On               STemWin528_CM4_Keil.lib(guidrv_lin_32.o)
    0x20015388   0x00000028   Code   RO         1582    i._OnExit           STemWin528_CM4_Keil.lib(gui__alpha.o)
    0x200153b0   0x00000034   Code   RO         1632    i._OnExit           STemWin528_CM4_Keil.lib(gui_alloc.o)
    0x200153e4   0x0000002c   Code   RO         1687    i._OnExit           STemWin528_CM4_Keil.lib(gui_core.o)
    0x20015410   0x00000014   Code   RO         1854    i._OnExit           STemWin528_CM4_Keil.lib(lcd_color.o)
    0x20015424   0x00000034   Code   RO         2233    i._OnExit           STemWin528_CM4_Keil.lib(wm.o)
    0x20015458   0x00000040   Code   RO         1633    i._PopFreeBlock     STemWin528_CM4_Keil.lib(gui_alloc.o)
    0x20015498   0x00000028   Code   RO         1634    i._PushFreeBlock    STemWin528_CM4_Keil.lib(gui_alloc.o)
    0x200154c0   0x00000030   Code   RO         2011    i._ReadRect         STemWin528_CM4_Keil.lib(guidrv_lin_32.o)
    0x200154f0   0x00000034   Code   RO         1635    i._RemoveFreeBlock  STemWin528_CM4_Keil.lib(gui_alloc.o)
    0x20015524   0x000000a0   Code   RO         1636    i._RemoveHoles      STemWin528_CM4_Keil.lib(gui_alloc.o)
    0x200155c4   0x00000026   Code   RO         2012    i._SetAlpha         STemWin528_CM4_Keil.lib(guidrv_lin_32.o)
    0x200155ea   0x00000010   Code   RO         2013    i._SetAlphaMode     STemWin528_CM4_Keil.lib(guidrv_lin_32.o)
    0x200155fa   0x00000002   PAD
    0x200155fc   0x00000020   Code   RO         1824    i._SetBkColor       STemWin528_CM4_Keil.lib(lcd.o)
    0x2001561c   0x00000012   Code   RO         2014    i._SetChroma        STemWin528_CM4_Keil.lib(guidrv_lin_32.o)
    0x2001562e   0x00000010   Code   RO         2015    i._SetChromaMode    STemWin528_CM4_Keil.lib(guidrv_lin_32.o)
    0x2001563e   0x00000002   PAD
    0x20015640   0x0000004c   Code   RO         2237    i._SetClipRectUserIntersect  STemWin528_CM4_Keil.lib(wm.o)
    0x2001568c   0x00000020   Code   RO         1825    i._SetColor         STemWin528_CM4_Keil.lib(lcd.o)
    0x200156ac   0x00000044   Code   RO         2016    i._SetDevFunc       STemWin528_CM4_Keil.lib(guidrv_lin_32.o)
    0x200156f0   0x0000002c   Code   RO         1826    i._SetDrawMode      STemWin528_CM4_Keil.lib(lcd.o)
    0x2001571c   0x000000a4   Code   RO         2017    i._SetOrg           STemWin528_CM4_Keil.lib(guidrv_lin_32.o)
    0x200157c0   0x00000008   Code   RO         2163    i._SetOrg           STemWin528_CM4_Keil.lib(guidev_32.o)
    0x200157c8   0x00000012   Code   RO         2018    i._SetPixelIndex    STemWin528_CM4_Keil.lib(guidrv_lin_32.o)
    0x200157da   0x00000002   PAD
    0x200157dc   0x00000048   Code   RO         2164    i._SetPixelIndex    STemWin528_CM4_Keil.lib(guidev_32.o)
    0x20015824   0x0000002e   Code   RO         2019    i._SetPos           STemWin528_CM4_Keil.lib(guidrv_lin_32.o)
    0x20015852   0x00000044   Code   RO         2020    i._SetSize          STemWin528_CM4_Keil.lib(guidrv_lin_32.o)
    0x20015896   0x00000028   Code   RO         2021    i._SetVRAMAddr      STemWin528_CM4_Keil.lib(guidrv_lin_32.o)
    0x200158be   0x0000002a   Code   RO         2022    i._SetVSize         STemWin528_CM4_Keil.lib(guidrv_lin_32.o)
    0x200158e8   0x00000026   Code   RO         2023    i._SetVis           STemWin528_CM4_Keil.lib(guidrv_lin_32.o)
    0x2001590e   0x00000024   Code   RO         2024    i._ShowBuffer       STemWin528_CM4_Keil.lib(guidrv_lin_32.o)
    0x20015932   0x00000002   PAD
    0x20015934   0x000000ea   Code   RO         1637    i._TestRAM          STemWin528_CM4_Keil.lib(gui_alloc.o)
    0x20015a1e   0x00000002   PAD
    0x20015a20   0x00000030   Code   RO         1722    i._UnlinkDevice     STemWin528_CM4_Keil.lib(gui_device.o)
    0x20015a50   0x0000000e   Code   RO         1638    i._WriteTagData     STemWin528_CM4_Keil.lib(gui_alloc.o)
    0x20015a5e   0x00000002   PAD
    0x20015a60   0x0000003c   Code   RO         2165    i._XY2PTR           STemWin528_CM4_Keil.lib(guidev_32.o)
    0x20015a9c   0x00000028   Code   RO         2025    i._XorPixel         STemWin528_CM4_Keil.lib(guidrv_lin_32.o)
    0x20015ac4   0x00000058   Code   RO         2166    i._XorPixel         STemWin528_CM4_Keil.lib(guidev_32.o)
    0x20015b1c   0x00000050   Code   RO         2239    i.cbBackWin         STemWin528_CM4_Keil.lib(wm.o)
    0x20015b6c   0x0000008a   Code   RO         1827    i.emWin_LCD_Init    STemWin528_CM4_Keil.lib(lcd.o)
    0x20015bf6   0x0000000a   Code   RO         3118    x$fpl$fpinit        fz_wm.l(fpinit.o)
    0x20015c00   0x00000014   Data   RO          513    .constdata          usbh_diskio.o
    0x20015c14   0x00000008   Data   RO          718    .constdata          stm32f4xx_hal_dma.o
    0x20015c1c   0x00000010   Data   RO          743    .constdata          stm32f4xx_hal_rcc.o
    0x20015c2c   0x00000010   Data   RO         1172    .constdata          system_stm32f4xx.o
    0x20015c3c   0x00000018   Data   RO         1507    .constdata          STemWin528_CM4_Keil.lib(guicc_1616i.o)
    0x20015c54   0x00000018   Data   RO         1516    .constdata          STemWin528_CM4_Keil.lib(guicc_8666.o)
    0x20015c6c   0x00000018   Data   RO         1525    .constdata          STemWin528_CM4_Keil.lib(guicc_88666i.o)
    0x20015c84   0x00000018   Data   RO         1537    .constdata          STemWin528_CM4_Keil.lib(guicc_m1555i.o)
    0x20015c9c   0x00000018   Data   RO         1551    .constdata          STemWin528_CM4_Keil.lib(guicc_m4444i.o)
    0x20015cb4   0x00000018   Data   RO         1565    .constdata          STemWin528_CM4_Keil.lib(guicc_m8888i.o)
    0x20015ccc   0x00000008   Data   RO         1689    .constdata          STemWin528_CM4_Keil.lib(gui_core.o)
    0x20015cd4   0x00000018   Data   RO         1790    .constdata          STemWin528_CM4_Keil.lib(guicc_m565.o)
    0x20015cec   0x00000018   Data   RO         1803    .constdata          STemWin528_CM4_Keil.lib(guicc_m888.o)
    0x20015d04   0x0000000c   Data   RO         1828    .constdata          STemWin528_CM4_Keil.lib(lcd.o)
    0x20015d10   0x00000034   Data   RO         2026    .constdata          STemWin528_CM4_Keil.lib(guidrv_lin_32.o)
    0x20015d44   0x00000518   Data   RO         2062    .constdata          STemWin528_CM4_Keil.lib(f6x8.o)
    0x2001625c   0x000001c0   Data   RO         2063    .constdata          STemWin528_CM4_Keil.lib(f6x8.o)
    0x2001641c   0x00000008   Data   RO         2064    .constdata          STemWin528_CM4_Keil.lib(f6x8.o)
    0x20016424   0x00000014   Data   RO         2065    .constdata          STemWin528_CM4_Keil.lib(f6x8.o)
    0x20016438   0x00000024   Data   RO         2066    .constdata          STemWin528_CM4_Keil.lib(f6x8.o)
    0x2001645c   0x00000018   Data   RO         2071    .constdata          STemWin528_CM4_Keil.lib(guicc_16.o)
    0x20016474   0x00000010   Data   RO         2075    .constdata          STemWin528_CM4_Keil.lib(gui__divtbl_15_255.o)
    0x20016484   0x00000020   Data   RO         2076    .constdata          STemWin528_CM4_Keil.lib(gui__divtbl_31_255.o)
    0x200164a4   0x00000040   Data   RO         2077    .constdata          STemWin528_CM4_Keil.lib(gui__divtbl_63_255.o)
    0x200164e4   0x00000100   Data   RO         2078    .constdata          STemWin528_CM4_Keil.lib(gui__divtbl_255_15.o)
    0x200165e4   0x00000100   Data   RO         2079    .constdata          STemWin528_CM4_Keil.lib(gui__divtbl_255_31.o)
    0x200166e4   0x00000100   Data   RO         2080    .constdata          STemWin528_CM4_Keil.lib(gui__divtbl_255_63.o)
    0x200167e4   0x00000010   Data   RO         2114    .constdata          STemWin528_CM4_Keil.lib(gui_uc_encodenone.o)
    0x200167f4   0x00000018   Data   RO         2125    .constdata          STemWin528_CM4_Keil.lib(guicc_0.o)
    0x2001680c   0x00000100   Data   RO         2139    .constdata          STemWin528_CM4_Keil.lib(lcd_mirror.o)
    0x2001690c   0x00000074   Data   RO         2167    .constdata          STemWin528_CM4_Keil.lib(guidev_32.o)
    0x20016980   0x00000004   Data   RO          314    .conststring        usbh_msc.o
    0x20016984   0x00000020   Data   RO         3202    Region$$Table       anon$$obj.o


    Execution Region RW_IRAM1 (Base: 0x20017000, Size: 0x000134e8, Max: 0x00014000, ABSOLUTE, COMPRESSED[0x00000050])

    Base Addr    Size         Type   Attr      Idx    E Section Name        Object

    0x20017000   0x00000020   Data   RW          315    .data               usbh_msc.o
    0x20017020   0x00000004   Data   RW          665    .data               stm32f4xx_ll_usb.o
    0x20017024   0x00000004   Data   RW          933    .data               stm32f4xx_hal.o
    0x20017028   0x00000004   Data   RW         1173    .data               system_stm32f4xx.o
    0x2001702c   0x00000005   Data   RW         1203    .data               fatfs.o
    0x20017031   0x00000003   PAD
    0x20017034   0x00000008   Data   RW         1238    .data               main.o
    0x2001703c   0x00000001   Data   RW         1324    .data               usb_host.o
    0x2001703d   0x00000003   PAD
    0x20017040   0x00000008   Data   RW         1351    .data               stm32f4xx_hal_msp.o
    0x20017048   0x00000008   Data   RW         1406    .data               lcdconf_stm324x9i_eval_mb1046.o
    0x20017050   0x00000004   Data   RW         1488    .data               gui_x.o
    0x20017054   0x00000008   Data   RW         1538    .data               STemWin528_CM4_Keil.lib(guicc_m1555i.o)
    0x2001705c   0x00000008   Data   RW         1552    .data               STemWin528_CM4_Keil.lib(guicc_m4444i.o)
    0x20017064   0x00000008   Data   RW         1566    .data               STemWin528_CM4_Keil.lib(guicc_m8888i.o)
    0x2001706c   0x00000028   Data   RW         1583    .data               STemWin528_CM4_Keil.lib(gui__alpha.o)
    0x20017094   0x00000008   Data   RW         1640    .data               STemWin528_CM4_Keil.lib(gui_alloc.o)
    0x2001709c   0x0000002c   Data   RW         1690    .data               STemWin528_CM4_Keil.lib(gui_core.o)
    0x200170c8   0x00000004   Data   RW         1696    .data               STemWin528_CM4_Keil.lib(gui_core.o)
    0x200170cc   0x00000004   Data   RW         1699    .data               STemWin528_CM4_Keil.lib(gui_core.o)
    0x200170d0   0x00000002   Data   RW         1700    .data               STemWin528_CM4_Keil.lib(gui_core.o)
    0x200170d2   0x00000002   Data   RW         1701    .data               STemWin528_CM4_Keil.lib(gui_core.o)
    0x200170d4   0x00000024   Data   RW         1749    .data               STemWin528_CM4_Keil.lib(gui_multibuf.o)
    0x200170f8   0x00000008   Data   RW         1791    .data               STemWin528_CM4_Keil.lib(guicc_m565.o)
    0x20017100   0x00000008   Data   RW         1804    .data               STemWin528_CM4_Keil.lib(guicc_m888.o)
    0x20017108   0x00000004   Data   RW         1829    .data               STemWin528_CM4_Keil.lib(lcd.o)
    0x2001710c   0x00000010   Data   RW         1855    .data               STemWin528_CM4_Keil.lib(lcd_color.o)
    0x2001711c   0x00000064   Data   RW         2242    .data               STemWin528_CM4_Keil.lib(wm.o)
    0x20017180   0x00000010   Data   RW         2333    .data               STemWin528_CM4_Keil.lib(gui_onkey.o)
    0x20017190   0x0000000c   Data   RW         2360    .data               STemWin528_CM4_Keil.lib(gui_waitevent.o)
    0x2001719c   0x00000004   Data   RW         2428    .data               STemWin528_CM4_Keil.lib(wm__sendmessage.o)
    0x200171a0   0x0000000c   Zero   RW          486    .bss                ff_gen_drv.o
    0x200171ac   0x0000020c   Zero   RW         1237    .bss                main.o
    0x200173b8   0x00000298   Zero   RW         1296    .bss                usbh_conf.o
    0x20017650   0x000003c8   Zero   RW         1323    .bss                usb_host.o
    0x20017a18   0x00005a78   Zero   RW         1405    .bss                lcdconf_stm324x9i_eval_mb1046.o
    0x2001d490   0x0000c800   Zero   RW         1475    .bss                guiconf.o
    0x20029c90   0x000000cc   Zero   RW         1639    .bss                STemWin528_CM4_Keil.lib(gui_alloc.o)
    0x20029d5c   0x00000070   Zero   RW         1688    .bss                STemWin528_CM4_Keil.lib(gui_core.o)
    0x20029dcc   0x00000018   Zero   RW         2240    .bss                STemWin528_CM4_Keil.lib(wm.o)
    0x20029de4   0x00000058   Zero   RW         2332    .bss                STemWin528_CM4_Keil.lib(gui_onkey.o)
    0x20029e3c   0x00000048   Zero   RW         2469    .bss                STemWin528_CM4_Keil.lib(wm_touch.o)
    0x20029e84   0x00000060   Zero   RW         3084    .bss                c_w.l(libspace.o)
    0x20029ee4   0x00000004   PAD
    0x20029ee8   0x00000200   Zero   RW            2    HEAP                startup_stm32f429xx.o
    0x2002a0e8   0x00000400   Zero   RW            1    STACK               startup_stm32f429xx.o


==============================================================================

Image component sizes


      Code (inc. data)   RO Data    RW Data    ZI Data      Debug   Object Name

         0          0          0          0          0        680   diskio.o
        32         12          0          5          0        988   fatfs.o
         0          0          0          0          0       1148   ff.o
       184          6          0          0         12       1821   ff_gen_drv.o
        40          4          0          4          0       1442   gui_x.o
        28          8          0          0      51200        459   guiconf.o
      3282        206          0          8      23160      61606   lcdconf_stm324x9i_eval_mb1046.o
      1556         92          0          8        524       5063   main.o
        64         26        428          0       1536        896   startup_stm32f429xx.o
       452         28          0          4          0       4861   stm32f4xx_hal.o
       800         22          0          0          0      31471   stm32f4xx_hal_cortex.o
       224          0          0          0          0       2546   stm32f4xx_hal_crc.o
      1560         16          8          0          0       4784   stm32f4xx_hal_dma.o
      2000         10          0          0          0       7919   stm32f4xx_hal_dma2d.o
       984         54          0          0          0       3555   stm32f4xx_hal_gpio.o
      4578          6          0          0          0       8179   stm32f4xx_hal_hcd.o
      2668         12          0          0          0       8967   stm32f4xx_hal_ltdc.o
      1332         96          0          8          0       4640   stm32f4xx_hal_msp.o
       868         22          0          0          0       3587   stm32f4xx_hal_pwr_ex.o
      2600         66         16          0          0       5386   stm32f4xx_hal_rcc.o
      1248         42          0          0          0       2040   stm32f4xx_hal_rcc_ex.o
      2972         22          0          0          0       7821   stm32f4xx_hal_rtc.o
      3482         18          0          0          0      12393   stm32f4xx_hal_rtc_ex.o
      1080          8          0          0          0       7977   stm32f4xx_hal_sdram.o
      5500         56          0          0          0      12980   stm32f4xx_hal_spi.o
     10238        152          0          0          0      30774   stm32f4xx_hal_tim.o
      3464         26          0          0          0      11582   stm32f4xx_hal_tim_ex.o
       108         26          0          0          0       1205   stm32f4xx_it.o
      1440         14          0          0          0       8693   stm32f4xx_ll_fmc.o
      5450         70          0          4          0      13645   stm32f4xx_ll_usb.o
       288         32         16          4          0       1571   system_stm32f4xx.o
       104         16          0          1        968       1252   usb_host.o
       840         30          0          0        664       6073   usbh_conf.o
      1410         22          0          0          0       5851   usbh_core.o
      1360         12          0          0          0       5946   usbh_ctlreq.o
       396          6         20          0          0       2893   usbh_diskio.o
       400          0          0          0          0       3748   usbh_ioreq.o
      2646         10          4         32          0       6975   usbh_msc.o
       876         24          0          0          0     467686   usbh_msc_bot.o
      1028          0          0          0          0       3305   usbh_msc_scsi.o
       168          0          0          0          0       2144   usbh_pipes.o

    ----------------------------------------------------------------------
     67760       1272        524         84      78064     776552   Object Totals
         0          0         32          0          0          0   (incl. Generated)
        10          0          0          6          0          0   (incl. Padding)

    ----------------------------------------------------------------------

      Code (inc. data)   RO Data    RW Data    ZI Data      Debug   Library Member Name

         0          0       1816          0          0          0   f6x8.o
       124          4          0          0          0        132   gui_2dlib.o
       898         56          0         40          0       1148   gui__alpha.o
       372          0          0          0          0        260   gui__compactpixelindices.o
         0          0         16          0          0          0   gui__divtbl_15_255.o
         0          0        256          0          0          0   gui__divtbl_255_15.o
         0          0        256          0          0          0   gui__divtbl_255_31.o
         0          0        256          0          0          0   gui__divtbl_255_63.o
         0          0         32          0          0          0   gui__divtbl_31_255.o
         0          0         64          0          0          0   gui__divtbl_63_255.o
       322          0          0          0          0        156   gui__expandpixelindices.o
        58          0          0          0          0        116   gui__intersectrect.o
        82          0          0          0          0        128   gui__intersectrects.o
        76          0          0          0          0        124   gui__memset.o
      1674         92          0          8        204       2504   gui_alloc.o
        36          0          0          0          0        128   gui_alloc_alloczero.o
        60          0          0          0          0        124   gui_calccolordist.o
       394         12          0          0          0        492   gui_charm.o
       472         84          8         56        112       1120   gui_core.o
       348         24          0          0          0        852   gui_device.o
        12          4          0          0          0        116   gui_getdrawmode.o
        52         12          0          0          0        360   gui_goto.o
        88          0          0          0          0        124   gui_mergerect.o
        30          0          0          0          0        116   gui_moverect.o
        44          6          0         36          0        116   gui_multibuf.o
        16          4          0         16         88        116   gui_onkey.o
        56          0          0          0          0        116   gui_rectsintersect.o
        58          8          0          0          0        256   gui_selectlayer.o
        18          0          0          0          0        128   gui_selectlcd.o
         4          0          0          0          0        116   gui_setcolor.o
        56         18          0          0          0        128   gui_setorg.o
        18          0         16          0          0        464   gui_uc_encodenone.o
        16          4          0         12          0        116   gui_waitevent.o
       198          0         24          0          0        388   guicc_0.o
       172          0         24          0          0        376   guicc_16.o
       228         36         24          0          0        636   guicc_1616i.o
       190          0         24          0          0        356   guicc_8666.o
       194         18         24          0          0        636   guicc_88666i.o
         2          0          0          0          0        116   guicc_8888_index2color.o
         2          0          0          0          0        116   guicc_888_index2color.o
       306         32         24          8          0        768   guicc_m1555i.o
       304         20         24          8          0        768   guicc_m4444i.o
       270         50         24          8          0        768   guicc_m565.o
       142         16         24          8          0        636   guicc_m888.o
       218         12         24          8          0        768   guicc_m8888i.o
        20          0          0          0          0        116   guicc_m888_index2color.o
        64          6          0          0          0        128   guidev.o
      2356         62        116          0          0       2256   guidev_32.o
        26          0          0          0          0        128   guidev_getdataptr.o
        76          0          0          0          0        260   guidev_usage.o
       400         14          0          0          0        144   guidev_writetoactivealpha.o
      2688        176         52          0          0       4448   guidrv_lin_32.o
      1294        106         12          4          0       2152   lcd.o
       276         30          0         16          0        748   lcd_color.o
       212         26          0          0          0       1664   lcd_getex.o
        26          0          0          0          0        128   lcd_getnumdisplays.o
         0          0        256          0          0          0   lcd_mirror.o
       504         18          0          0          0        280   lcd_readrect.o
        64         10          0          0          0        128   lcd_selectlcd.o
       260          0          0          0          0        788   lcd_set.o
        48         10          0          0          0        128   lcd_setcliprectex.o
        36          4          0          0          0        128   lcd_updatecolorindices.o
      2966        132          0        100         24       4096   wm.o
        18          0          0          0          0        124   wm__getfirstsibling.o
        36          0          0          0          0        128   wm__getprevsibling.o
        60          6          0          4          0        136   wm__sendmessage.o
       126          0          0          0          0        140   wm_bringtobottom.o
        16          6          0          0          0        116   wm_criticalhandle.o
        32          0          0          0          0        128   wm_getclientrect.o
        24         10          0          0          0        116   wm_getdesktopwindow.o
        14          0          0          0          0        124   wm_getfirstchild.o
        14          0          0          0          0        124   wm_getparent.o
        30          0          0          0          0        140   wm_sendtoparent.o
         0          0          0          0         72          0   wm_touch.o
        90          0          0          0          0          0   __dczerorl2.o
         8          0          0          0          0         68   __main.o
        52          8          0          0          0          0   __scatter.o
        28          0          0          0          0          0   __scatter_zi.o
        10          0          0          0          0         68   defsig_exit.o
        50          0          0          0          0         88   defsig_general.o
        80         58          0          0          0         76   defsig_rtmem_inner.o
        14          0          0          0          0         80   defsig_rtmem_outer.o
        12          0          0          0          0         72   exit.o
        94          0          0          0          0         80   h1_alloc.o
        52          0          0          0          0         68   h1_extend.o
        78          0          0          0          0         80   h1_free.o
        14          0          0          0          0         84   h1_init.o
         6          0          0          0          0        152   heapauxi.o
         4          0          0          0          0        136   hguard.o
         0          0          0          0          0          0   indicate_semi.o
       138          0          0          0          0        168   init_alloc.o
         2          0          0          0          0          0   libinit.o
        14          0          0          0          0          0   libinit2.o
         2          0          0          0          0          0   libshutdown.o
         2          0          0          0          0          0   libshutdown2.o
         8          4          0          0         96         68   libspace.o
         0          0          0          0          0          0   maybetermalloc1.o
         8          4          0          0          0         68   rt_heap_descriptor_intlibspace.o
        68          0          0          0          0         68   rt_memclr.o
        78          0          0          0          0         80   rt_memclr_w.o
       138          0          0          0          0         68   rt_memcpy_v6.o
       100          0          0          0          0         80   rt_memcpy_w.o
       132          0          0          0          0         68   rt_memmove_v6.o
       122          0          0          0          0         80   rt_memmove_w.o
         0          0          0          0          0          0   rtentry.o
        12          0          0          0          0          0   rtentry2.o
         6          0          0          0          0          0   rtentry4.o
         2          0          0          0          0          0   rtexit.o
        10          0          0          0          0          0   rtexit2.o
        12          4          0          0          0         68   sys_exit.o
        74          0          0          0          0         80   sys_stackheap_outer.o
        14          0          0          0          0         76   sys_wrch.o
         2          0          0          0          0         68   use_no_semi.o
        10          0          0          0          0        116   fpinit.o

    ----------------------------------------------------------------------
     20900       1206       3396        332        600      37092   Library Totals
        58          0          0          0          4          0   (incl. Padding)

    ----------------------------------------------------------------------

      Code (inc. data)   RO Data    RW Data    ZI Data      Debug   Library Name

     19296       1128       3396        332        500      34884   STemWin528_CM4_Keil.lib
      1536         78          0          0         96       2092   c_w.l
        10          0          0          0          0        116   fz_wm.l

    ----------------------------------------------------------------------
     20900       1206       3396        332        600      37092   Library Totals

    ----------------------------------------------------------------------

==============================================================================


      Code (inc. data)   RO Data    RW Data    ZI Data      Debug   

     88660       2478       3920        416      78664     775396   Grand Totals
     88660       2478       3920         80      78664     775396   ELF Image Totals (compressed)
     88660       2478       3920         80          0          0   ROM Totals

==============================================================================

    Total RO  Size (Code + RO Data)                92580 (  90.41kB)
    Total RW  Size (RW Data + ZI Data)             79080 (  77.23kB)
    Total ROM Size (Code + RO Data + RW Data)      92660 (  90.49kB)

==============================================================================

